13:52:04,211 Fluidics INFO Fluidics status updated to: Idle
13:54:13,775 Fluidics INFO File handler initialized for fluidics tasks
13:54:13,775 Fluidics INFO Available
13:54:13,776 Fluidics INFO Fluidics status updated to: Idle
13:54:13,823 Fluidics INFO Available
13:54:38,759 Fluidics INFO File handler initialized for fluidics tasks
13:54:38,759 Fluidics INFO Available
13:54:38,760 Fluidics INFO Fluidics status updated to: Idle
13:54:38,806 Fluidics INFO Available
14:10:20,276 Fluidics INFO Fluidics status updated to: Idle
14:57:19,28 Fluidics INFO Fluidics status updated to: Idle
15:25:10,259 Fluidics INFO Fluidics status updated to: Idle
15:29:16,97 Fluidics INFO Fluidics status updated to: Idle
15:55:02,179 Fluidics INFO Fluidics status updated to: Idle
15:59:22,851 Fluidics INFO Fluidics status updated to: Idle
16:04:36,25 Fluidics INFO Fluidics status updated to: Idle
16:05:58,362 Fluidics INFO Fluidics status updated to: Idle
16:07:00,455 Fluidics INFO Fluidics status updated to: Idle
16:08:09,856 Fluidics INFO Fluidics status updated to: Idle
16:08:25,578 Fluidics INFO Fluidics status updated to: Idle
16:14:24,545 Fluidics INFO Fluidics status updated to: Idle
16:15:06,695 Fluidics INFO Fluidics status updated to: Idle
16:15:22,580 Fluidics INFO Fluidics status updated to: Idle
16:32:24,277 Fluidics INFO Command:Valve*[A]*TBS+1
16:32:24,278 Fluidics INFO Running:Valve*[A]*TBS+1
16:32:33,51 Fluidics INFO Fluidics status updated to: Running
16:32:33,56 Fluidics INFO Saved 7 fluidics tasks for protocol: Valve
16:32:33,57 Fluidics INFO Protocol Summary
16:32:33,59 Fluidics INFO Port: TBS  Total Volume: 1.0mL
16:32:33,60 Fluidics INFO Estimated Total Time: 56s
16:32:33,62 Fluidics INFO Fluidics task index 0 saved to C:\GitRepos\pyScope\State\Fluidics_task_idx.txt
16:32:33,82 Fluidics INFO   port volume speed pause direction time_estimate
0    A      4   0.5     0   Reverse          20.0
16:32:33,98 Fluidics INFO Fluidics state saved to C:\GitRepos\pyScope\State\Fluidics_state.json
16:32:34,211 Fluidics INFO Fluidics state saved to C:\GitRepos\pyScope\State\Fluidics_state.json
16:32:34,212 Fluidics INFO Fluidics state saved to C:\GitRepos\pyScope\State\Fluidics_state.json
16:32:58,988 Fluidics INFO Fluidics state saved to C:\GitRepos\pyScope\State\Fluidics_state.json
16:32:58,990 Fluidics INFO Fluidics task index 1 saved to C:\GitRepos\pyScope\State\Fluidics_task_idx.txt
16:32:59,0 Fluidics INFO     port volume speed pause direction time_estimate
1  Waste      4   0.5     0   Forward          20.0
16:32:59,21 Fluidics INFO Fluidics state saved to C:\GitRepos\pyScope\State\Fluidics_state.json
16:33:00,140 Fluidics INFO Fluidics state saved to C:\GitRepos\pyScope\State\Fluidics_state.json
16:33:01,264 Fluidics INFO Fluidics state saved to C:\GitRepos\pyScope\State\Fluidics_state.json
16:33:01,268 Fluidics INFO Fluidics state saved to C:\GitRepos\pyScope\State\Fluidics_state.json
16:33:26,40 Fluidics INFO Fluidics state saved to C:\GitRepos\pyScope\State\Fluidics_state.json
16:33:26,42 Fluidics INFO Fluidics task index 2 saved to C:\GitRepos\pyScope\State\Fluidics_task_idx.txt
16:33:26,47 Fluidics INFO   port volume speed pause direction time_estimate
2           0   0.5     1      Wait           2.0
16:33:27,66 Fluidics INFO Fluidics task index 3 saved to C:\GitRepos\pyScope\State\Fluidics_task_idx.txt
16:33:27,73 Fluidics INFO   port volume speed pause direction time_estimate
3  TBS    1.0   0.5     0   Reverse          5.75
16:33:27,87 Fluidics INFO Fluidics state saved to C:\GitRepos\pyScope\State\Fluidics_state.json
16:33:28,200 Fluidics INFO Fluidics state saved to C:\GitRepos\pyScope\State\Fluidics_state.json
16:33:28,202 Fluidics INFO Fluidics state saved to C:\GitRepos\pyScope\State\Fluidics_state.json
16:33:35,146 Fluidics INFO Fluidics state saved to C:\GitRepos\pyScope\State\Fluidics_state.json
16:33:35,148 Fluidics INFO Fluidics task index 4 saved to C:\GitRepos\pyScope\State\Fluidics_task_idx.txt
16:33:35,154 Fluidics INFO   port volume speed pause direction time_estimate
4    A    1.0   0.5     0   Forward          5.75
16:33:35,170 Fluidics INFO Fluidics state saved to C:\GitRepos\pyScope\State\Fluidics_state.json
16:33:36,286 Fluidics INFO Fluidics state saved to C:\GitRepos\pyScope\State\Fluidics_state.json
16:33:36,286 Fluidics INFO Fluidics state saved to C:\GitRepos\pyScope\State\Fluidics_state.json
16:33:43,250 Fluidics INFO Fluidics state saved to C:\GitRepos\pyScope\State\Fluidics_state.json
16:33:43,251 Fluidics INFO Fluidics task index 5 saved to C:\GitRepos\pyScope\State\Fluidics_task_idx.txt
16:33:43,257 Fluidics INFO   port volume speed pause direction time_estimate
5           0   0.5     1      Wait           2.0
16:33:44,283 Fluidics INFO Fluidics task index 6 saved to C:\GitRepos\pyScope\State\Fluidics_task_idx.txt
16:33:44,303 Fluidics INFO   port volume speed pause direction time_estimate
6           0   0.5   0.0      Wait           1.0
16:33:44,317 Fluidics INFO Fluidics task index 0 saved to C:\GitRepos\pyScope\State\Fluidics_task_idx.txt
16:33:44,318 Fluidics INFO Fluidics tasks file deleted
16:33:44,319 Fluidics INFO Cleaned up fluidics task files
16:33:44,320 Fluidics INFO Fluidics status updated to: Idle
16:33:44,320 Fluidics INFO Finished:Valve*[A]*TBS+1
16:33:49,326 Fluidics INFO Finished:Valve*[A]*TBS+1
16:46:52,830 Fluidics INFO Fluidics status updated to: Idle
16:47:08,617 Fluidics INFO Fluidics status updated to: Idle
16:47:16,353 Fluidics INFO Fluidics status updated to: Idle
16:50:35,930 Fluidics INFO Command:Valve*[A]*TBS+1!
16:50:35,932 Fluidics INFO Running:Valve*[A]*TBS+1!
16:50:35,943 Fluidics INFO Fluidics status updated to: Running
16:50:35,944 Fluidics INFO Saved 7 fluidics tasks for protocol: Valve
16:50:35,944 Fluidics INFO Protocol Summary
16:50:35,945 Fluidics INFO Port: TBS  Total Volume: 1.0mL
16:50:35,946 Fluidics INFO Estimated Total Time: 56s
16:50:36,962 Fluidics INFO Fluidics task index 0 saved to C:\GitRepos\pyScope\State\Fluidics_task_idx.txt
16:50:36,963 Fluidics INFO Fluidics tasks file deleted
16:50:36,963 Fluidics INFO Cleaned up fluidics task files
16:50:36,964 Fluidics INFO Fluidics status updated to: Idle
16:50:36,964 Fluidics INFO Finished:Valve*[A]*TBS+1!
16:50:41,975 Fluidics INFO Finished:Valve*[A]*TBS+1!
16:50:46,989 Fluidics INFO Command:Valve*[A]*TBS+1
16:50:46,990 Fluidics INFO Running:Valve*[A]*TBS+1
16:50:46,997 Fluidics INFO Fluidics status updated to: Running
16:50:46,998 Fluidics INFO Saved 7 fluidics tasks for protocol: Valve
16:50:46,999 Fluidics INFO Protocol Summary
16:50:47,0 Fluidics INFO Port: TBS  Total Volume: 1.0mL
16:50:47,1 Fluidics INFO Estimated Total Time: 56s
16:50:47,2 Fluidics INFO Fluidics task index 0 saved to C:\GitRepos\pyScope\State\Fluidics_task_idx.txt
16:50:47,7 Fluidics INFO   port volume speed pause direction time_estimate
0    A      4   0.5     0   Reverse          20.0
16:50:47,22 Fluidics INFO Fluidics state saved to C:\GitRepos\pyScope\State\Fluidics_state.json
16:50:48,143 Fluidics INFO Fluidics state saved to C:\GitRepos\pyScope\State\Fluidics_state.json
16:50:48,144 Fluidics INFO Fluidics state saved to C:\GitRepos\pyScope\State\Fluidics_state.json
16:51:12,906 Fluidics INFO Fluidics state saved to C:\GitRepos\pyScope\State\Fluidics_state.json
16:51:12,908 Fluidics INFO Fluidics task index 1 saved to C:\GitRepos\pyScope\State\Fluidics_task_idx.txt
16:51:12,915 Fluidics INFO     port volume speed pause direction time_estimate
1  Waste      4   0.5     0   Forward          20.0
16:51:12,930 Fluidics INFO Fluidics state saved to C:\GitRepos\pyScope\State\Fluidics_state.json
16:51:14,48 Fluidics INFO Fluidics state saved to C:\GitRepos\pyScope\State\Fluidics_state.json
16:51:15,172 Fluidics INFO Fluidics state saved to C:\GitRepos\pyScope\State\Fluidics_state.json
16:51:15,174 Fluidics INFO Fluidics state saved to C:\GitRepos\pyScope\State\Fluidics_state.json
16:51:39,947 Fluidics INFO Fluidics state saved to C:\GitRepos\pyScope\State\Fluidics_state.json
16:51:39,949 Fluidics INFO Fluidics task index 2 saved to C:\GitRepos\pyScope\State\Fluidics_task_idx.txt
16:51:39,955 Fluidics INFO   port volume speed pause direction time_estimate
2           0   0.5     1      Wait           2.0
16:51:40,975 Fluidics INFO Fluidics task index 3 saved to C:\GitRepos\pyScope\State\Fluidics_task_idx.txt
16:51:40,981 Fluidics INFO   port volume speed pause direction time_estimate
3  TBS    1.0   0.5     0   Reverse          5.75
16:51:40,995 Fluidics INFO Fluidics state saved to C:\GitRepos\pyScope\State\Fluidics_state.json
16:51:42,114 Fluidics INFO Fluidics state saved to C:\GitRepos\pyScope\State\Fluidics_state.json
16:51:42,115 Fluidics INFO Fluidics state saved to C:\GitRepos\pyScope\State\Fluidics_state.json
16:51:49,66 Fluidics INFO Fluidics state saved to C:\GitRepos\pyScope\State\Fluidics_state.json
16:51:49,67 Fluidics INFO Fluidics task index 4 saved to C:\GitRepos\pyScope\State\Fluidics_task_idx.txt
16:51:49,73 Fluidics INFO   port volume speed pause direction time_estimate
4    A    1.0   0.5     0   Forward          5.75
16:51:49,90 Fluidics INFO Fluidics state saved to C:\GitRepos\pyScope\State\Fluidics_state.json
16:51:50,209 Fluidics INFO Fluidics state saved to C:\GitRepos\pyScope\State\Fluidics_state.json
16:51:50,209 Fluidics INFO Fluidics state saved to C:\GitRepos\pyScope\State\Fluidics_state.json
16:51:57,160 Fluidics INFO Fluidics state saved to C:\GitRepos\pyScope\State\Fluidics_state.json
16:51:57,162 Fluidics INFO Fluidics task index 5 saved to C:\GitRepos\pyScope\State\Fluidics_task_idx.txt
16:51:57,167 Fluidics INFO   port volume speed pause direction time_estimate
5           0   0.5     1      Wait           2.0
16:51:58,192 Fluidics INFO Fluidics task index 6 saved to C:\GitRepos\pyScope\State\Fluidics_task_idx.txt
16:51:58,211 Fluidics INFO   port volume speed pause direction time_estimate
6           0   0.5   0.0      Wait           1.0
16:51:58,225 Fluidics INFO Fluidics task index 0 saved to C:\GitRepos\pyScope\State\Fluidics_task_idx.txt
16:51:58,227 Fluidics INFO Fluidics tasks file deleted
16:51:58,227 Fluidics INFO Cleaned up fluidics task files
16:51:58,228 Fluidics INFO Fluidics status updated to: Idle
16:51:58,228 Fluidics INFO Finished:Valve*[A]*TBS+1
16:52:03,241 Fluidics INFO Finished:Valve*[A]*TBS+1
16:53:13,130 Fluidics INFO Fluidics status updated to: Idle
16:53:23,365 Fluidics INFO Command:Valve*[A]*TBS+1
16:53:23,367 Fluidics INFO Running:Valve*[A]*TBS+1
16:53:23,379 Fluidics INFO Fluidics status updated to: Running
16:53:23,380 Fluidics INFO Saved 7 fluidics tasks for protocol: Valve
16:53:23,380 Fluidics INFO Protocol Summary
16:53:23,381 Fluidics INFO Port: TBS  Total Volume: 1.0mL
16:53:23,383 Fluidics INFO Estimated Total Time: 56s
16:53:23,384 Fluidics INFO Fluidics task index 0 saved to C:\GitRepos\pyScope\State\Fluidics_task_idx.txt
16:53:23,389 Fluidics INFO   port volume speed pause direction time_estimate
0    A      4   0.5     0   Reverse          20.0
16:53:23,403 Fluidics INFO Fluidics state saved to C:\GitRepos\pyScope\State\Fluidics_state.json
16:53:24,527 Fluidics INFO Fluidics state saved to C:\GitRepos\pyScope\State\Fluidics_state.json
16:53:24,531 Fluidics INFO Fluidics state saved to C:\GitRepos\pyScope\State\Fluidics_state.json
16:53:49,302 Fluidics INFO Fluidics state saved to C:\GitRepos\pyScope\State\Fluidics_state.json
16:53:49,304 Fluidics INFO Fluidics task index 1 saved to C:\GitRepos\pyScope\State\Fluidics_task_idx.txt
16:53:49,311 Fluidics INFO     port volume speed pause direction time_estimate
1  Waste      4   0.5     0   Forward          20.0
16:53:49,325 Fluidics INFO Fluidics state saved to C:\GitRepos\pyScope\State\Fluidics_state.json
16:53:50,445 Fluidics INFO Fluidics state saved to C:\GitRepos\pyScope\State\Fluidics_state.json
16:53:51,567 Fluidics INFO Fluidics state saved to C:\GitRepos\pyScope\State\Fluidics_state.json
16:53:51,568 Fluidics INFO Fluidics state saved to C:\GitRepos\pyScope\State\Fluidics_state.json
16:54:16,331 Fluidics INFO Fluidics state saved to C:\GitRepos\pyScope\State\Fluidics_state.json
16:54:16,335 Fluidics INFO Fluidics task index 2 saved to C:\GitRepos\pyScope\State\Fluidics_task_idx.txt
16:54:16,344 Fluidics INFO   port volume speed pause direction time_estimate
2           0   0.5     1      Wait           2.0
16:54:17,362 Fluidics INFO Fluidics task index 3 saved to C:\GitRepos\pyScope\State\Fluidics_task_idx.txt
16:54:17,367 Fluidics INFO   port volume speed pause direction time_estimate
3  TBS    1.0   0.5     0   Reverse          5.75
16:54:17,382 Fluidics INFO Fluidics state saved to C:\GitRepos\pyScope\State\Fluidics_state.json
16:54:18,499 Fluidics INFO Fluidics state saved to C:\GitRepos\pyScope\State\Fluidics_state.json
16:54:18,500 Fluidics INFO Fluidics state saved to C:\GitRepos\pyScope\State\Fluidics_state.json
16:54:25,460 Fluidics INFO Fluidics state saved to C:\GitRepos\pyScope\State\Fluidics_state.json
16:54:25,461 Fluidics INFO Fluidics task index 4 saved to C:\GitRepos\pyScope\State\Fluidics_task_idx.txt
16:54:25,467 Fluidics INFO   port volume speed pause direction time_estimate
4    A    1.0   0.5     0   Forward          5.75
16:54:25,485 Fluidics INFO Fluidics state saved to C:\GitRepos\pyScope\State\Fluidics_state.json
16:54:26,596 Fluidics INFO Fluidics state saved to C:\GitRepos\pyScope\State\Fluidics_state.json
16:54:26,597 Fluidics INFO Fluidics state saved to C:\GitRepos\pyScope\State\Fluidics_state.json
16:54:33,566 Fluidics INFO Fluidics state saved to C:\GitRepos\pyScope\State\Fluidics_state.json
16:54:33,569 Fluidics INFO Fluidics task index 5 saved to C:\GitRepos\pyScope\State\Fluidics_task_idx.txt
16:54:33,580 Fluidics INFO   port volume speed pause direction time_estimate
5           0   0.5     1      Wait           2.0
16:54:34,610 Fluidics INFO Fluidics task index 6 saved to C:\GitRepos\pyScope\State\Fluidics_task_idx.txt
16:54:34,617 Fluidics INFO   port volume speed pause direction time_estimate
6           0   0.5   0.0      Wait           1.0
16:54:34,634 Fluidics INFO Fluidics task index 0 saved to C:\GitRepos\pyScope\State\Fluidics_task_idx.txt
16:54:34,635 Fluidics INFO Fluidics tasks file deleted
16:54:34,635 Fluidics INFO Cleaned up fluidics task files
16:54:34,636 Fluidics INFO Fluidics status updated to: Idle
16:54:34,636 Fluidics INFO Finished:Valve*[A]*TBS+1
16:54:39,651 Fluidics INFO Finished:Valve*[A]*TBS+1
17:01:00,330 Fluidics INFO Fluidics status updated to: Idle
17:03:26,237 Fluidics INFO Fluidics status updated to: Idle
17:03:45,587 Fluidics INFO Command:Valve*[A]*TBS+1
17:03:45,588 Fluidics INFO Running:Valve*[A]*TBS+1
17:03:45,602 Fluidics INFO Fluidics status updated to: Running
17:03:45,605 Fluidics INFO Saved 7 fluidics tasks for protocol: Valve
17:03:45,606 Fluidics INFO Protocol Summary
17:03:45,608 Fluidics INFO Port: TBS  Total Volume: 1.0mL
17:03:45,609 Fluidics INFO Estimated Total Time: 56s
17:03:45,610 Fluidics INFO Fluidics task index 0 saved to C:\GitRepos\pyScope\State\Fluidics_task_idx.txt
17:03:45,616 Fluidics INFO   port volume speed pause direction time_estimate
0    A      4   0.5     0   Reverse          20.0
17:03:45,631 Fluidics INFO Fluidics state saved to C:\GitRepos\pyScope\State\Fluidics_state.json
17:03:46,742 Fluidics INFO Fluidics state saved to C:\GitRepos\pyScope\State\Fluidics_state.json
17:03:46,744 Fluidics INFO Fluidics state saved to C:\GitRepos\pyScope\State\Fluidics_state.json
17:04:11,509 Fluidics INFO Fluidics state saved to C:\GitRepos\pyScope\State\Fluidics_state.json
17:04:11,512 Fluidics INFO Fluidics task index 1 saved to C:\GitRepos\pyScope\State\Fluidics_task_idx.txt
17:04:11,529 Fluidics INFO     port volume speed pause direction time_estimate
1  Waste      4   0.5     0   Forward          20.0
17:04:11,544 Fluidics INFO Fluidics state saved to C:\GitRepos\pyScope\State\Fluidics_state.json
17:04:12,662 Fluidics INFO Fluidics state saved to C:\GitRepos\pyScope\State\Fluidics_state.json
17:04:13,787 Fluidics INFO Fluidics state saved to C:\GitRepos\pyScope\State\Fluidics_state.json
17:04:13,790 Fluidics INFO Fluidics state saved to C:\GitRepos\pyScope\State\Fluidics_state.json
17:04:38,561 Fluidics INFO Fluidics state saved to C:\GitRepos\pyScope\State\Fluidics_state.json
17:04:38,562 Fluidics INFO Fluidics task index 2 saved to C:\GitRepos\pyScope\State\Fluidics_task_idx.txt
17:04:38,570 Fluidics INFO   port volume speed pause direction time_estimate
2           0   0.5     1      Wait           2.0
17:04:39,597 Fluidics INFO Fluidics task index 3 saved to C:\GitRepos\pyScope\State\Fluidics_task_idx.txt
17:04:39,604 Fluidics INFO   port volume speed pause direction time_estimate
3  TBS    1.0   0.5     0   Reverse          5.75
17:04:39,620 Fluidics INFO Fluidics state saved to C:\GitRepos\pyScope\State\Fluidics_state.json
17:04:40,736 Fluidics INFO Fluidics state saved to C:\GitRepos\pyScope\State\Fluidics_state.json
17:04:40,737 Fluidics INFO Fluidics state saved to C:\GitRepos\pyScope\State\Fluidics_state.json
17:04:47,689 Fluidics INFO Fluidics state saved to C:\GitRepos\pyScope\State\Fluidics_state.json
17:04:47,692 Fluidics INFO Fluidics task index 4 saved to C:\GitRepos\pyScope\State\Fluidics_task_idx.txt
17:04:47,706 Fluidics INFO   port volume speed pause direction time_estimate
4    A    1.0   0.5     0   Forward          5.75
17:04:47,733 Fluidics INFO Fluidics state saved to C:\GitRepos\pyScope\State\Fluidics_state.json
17:04:48,854 Fluidics INFO Fluidics state saved to C:\GitRepos\pyScope\State\Fluidics_state.json
17:04:48,855 Fluidics INFO Fluidics state saved to C:\GitRepos\pyScope\State\Fluidics_state.json
17:04:55,818 Fluidics INFO Fluidics state saved to C:\GitRepos\pyScope\State\Fluidics_state.json
17:04:55,822 Fluidics INFO Fluidics task index 5 saved to C:\GitRepos\pyScope\State\Fluidics_task_idx.txt
17:04:55,844 Fluidics INFO   port volume speed pause direction time_estimate
5           0   0.5     1      Wait           2.0
17:04:56,882 Fluidics INFO Fluidics task index 6 saved to C:\GitRepos\pyScope\State\Fluidics_task_idx.txt
17:04:56,887 Fluidics INFO   port volume speed pause direction time_estimate
6           0   0.5   0.0      Wait           1.0
17:04:56,902 Fluidics INFO Fluidics task index 0 saved to C:\GitRepos\pyScope\State\Fluidics_task_idx.txt
17:04:56,903 Fluidics INFO Fluidics tasks file deleted
17:04:56,903 Fluidics INFO Cleaned up fluidics task files
17:04:56,904 Fluidics INFO Fluidics status updated to: Idle
17:04:56,905 Fluidics INFO Finished:Valve*[A]*TBS+1
17:05:01,908 Fluidics INFO Finished:Valve*[A]*TBS+1
10:26:07,227 Fluidics INFO Fluidics status updated to: Idle
11:08:00,304 Fluidics INFO Fluidics status updated to: Idle
11:28:07,215 Fluidics INFO Fluidics status updated to: Idle
11:30:29,982 Fluidics INFO Fluidics status updated to: Idle
11:32:59,164 Fluidics INFO Fluidics status updated to: Idle
11:33:50,383 Fluidics INFO Fluidics status updated to: Idle
11:52:12,367 Fluidics INFO Fluidics status updated to: Idle
12:20:05,563 Fluidics INFO File handler initialized for fluidics tasks
12:20:05,563 Fluidics INFO Available
12:20:05,564 Fluidics INFO Fluidics status updated to: Idle
12:20:05,565 Fluidics INFO Fluidics status updated to: Idle
12:20:05,566 Fluidics INFO Continuous monitoring started
12:20:05,566 Fluidics INFO Continuous monitoring loop
12:20:06,576 Fluidics INFO Continuous monitoring loop
12:20:07,588 Fluidics INFO Continuous monitoring loop
12:20:08,602 Fluidics INFO Continuous monitoring loop
12:20:09,614 Fluidics INFO Continuous monitoring loop
12:20:10,626 Fluidics INFO Continuous monitoring loop
12:20:11,569 Fluidics INFO Fluidics status updated to: Stop
12:20:11,638 Fluidics INFO Continuous monitoring loop
12:20:11,640 Fluidics INFO Continuous monitoring stopped by user
12:57:32,387 Fluidics INFO Fluidics status updated to: Idle
13:02:31,143 Fluidics INFO Fluidics status updated to: Idle
13:27:29,841 Fluidics INFO Fluidics status updated to: Idle
13:33:08,904 Fluidics INFO File handler initialized for fluidics tasks
13:33:08,904 Fluidics INFO Available
13:33:08,905 Fluidics INFO Fluidics status updated to: Idle
13:33:08,906 Fluidics INFO Fluidics status updated to: Idle
13:33:08,907 Fluidics INFO Continuous monitoring started
13:33:08,907 Fluidics INFO Continuous monitoring loop
13:33:09,911 Fluidics INFO Continuous monitoring loop
13:33:10,777 Fluidics INFO Fluidics status updated to: Stop
13:33:10,918 Fluidics INFO Continuous monitoring loop
13:33:10,920 Fluidics INFO Continuous monitoring stopped by user
13:33:19,491 Fluidics INFO Fluidics status updated to: Idle
13:52:30,756 Fluidics INFO File handler initialized for fluidics tasks
13:52:30,756 Fluidics INFO Available
13:52:30,757 Fluidics INFO Fluidics status updated to: Idle
13:53:08,409 Fluidics INFO File handler initialized for fluidics tasks
13:53:08,409 Fluidics INFO Available
13:53:08,410 Fluidics INFO Fluidics status updated to: Idle
13:54:27,225 Fluidics INFO File handler initialized for fluidics tasks
13:54:27,225 Fluidics INFO Available
13:54:27,226 Fluidics INFO Fluidics status updated to: Idle
13:54:27,281 Fluidics INFO Fluidics status updated to: Idle
13:54:27,282 Fluidics INFO Continuous monitoring started
13:54:27,282 Fluidics INFO Continuous monitoring loop
13:54:27,284 Fluidics INFO Fluidics status updated to: Idle
13:54:28,291 Fluidics INFO Continuous monitoring loop
13:54:28,292 Fluidics INFO Fluidics status updated to: Idle
13:54:29,304 Fluidics INFO Continuous monitoring loop
13:54:29,306 Fluidics INFO Fluidics status updated to: Idle
13:54:30,315 Fluidics INFO Continuous monitoring loop
13:54:30,316 Fluidics INFO Fluidics status updated to: Idle
13:54:31,333 Fluidics INFO Continuous monitoring loop
13:54:31,337 Fluidics INFO Fluidics status updated to: Idle
13:54:32,345 Fluidics INFO Continuous monitoring loop
13:54:32,350 Fluidics INFO Fluidics status updated to: Idle
13:54:33,355 Fluidics INFO Continuous monitoring loop
13:54:33,356 Fluidics INFO Fluidics status updated to: Idle
13:54:34,369 Fluidics INFO Continuous monitoring loop
13:54:34,370 Fluidics INFO Fluidics status updated to: Idle
13:54:35,381 Fluidics INFO Continuous monitoring loop
13:54:35,382 Fluidics INFO Fluidics status updated to: Idle
13:54:36,393 Fluidics INFO Continuous monitoring loop
13:54:36,395 Fluidics INFO Fluidics status updated to: Idle
13:54:37,407 Fluidics INFO Continuous monitoring loop
13:54:37,411 Fluidics INFO Fluidics status updated to: Idle
13:54:37,665 Fluidics INFO Fluidics status updated to: Stop
13:54:38,422 Fluidics INFO Continuous monitoring loop
13:54:38,423 Fluidics INFO Continuous monitoring stopped by user
13:54:38,424 Fluidics INFO Fluidics status updated to: offline
13:54:38,424 Fluidics INFO Continuous monitoring terminated - status set to offline
14:05:13,68 Fluidics INFO File handler initialized for fluidics tasks
14:05:13,69 Fluidics INFO Available
14:05:13,70 Fluidics INFO Fluidics status updated to: Idle
14:05:14,170 Fluidics INFO Available
14:09:48,532 Fluidics INFO File handler initialized for fluidics tasks
14:09:48,532 Fluidics INFO Available
14:09:48,533 Fluidics INFO Fluidics status updated to: Idle
14:11:10,731 Fluidics INFO File handler initialized for fluidics tasks
14:11:10,731 Fluidics INFO Available
14:11:10,732 Fluidics INFO Fluidics status updated to: Idle
14:14:06,55 Fluidics INFO File handler initialized for fluidics tasks
14:14:06,55 Fluidics INFO Available
14:14:06,55 Fluidics INFO Fluidics status updated to: Idle
14:14:13,819 Fluidics INFO Available
14:14:13,822 Fluidics INFO Fluidics status updated to: Command:Valve*[A]*TBS+1
14:23:44,252 Fluidics INFO File handler initialized for fluidics tasks
14:23:44,252 Fluidics INFO Available
14:23:44,253 Fluidics INFO Fluidics status updated to: Idle
14:23:58,41 Fluidics INFO Available
14:23:58,45 Fluidics INFO Fluidics status updated to: Command:Valve*[A]*TBS+2
14:35:32,307 Fluidics INFO Available
14:35:32,308 Fluidics INFO Fluidics status updated to: Idle
14:36:57,172 Fluidics INFO Available
14:36:57,173 Fluidics INFO Fluidics status updated to: Idle
14:37:04,360 Fluidics INFO Available
14:37:04,364 Fluidics INFO Fluidics status updated to: Command:Valve*[A]*A+1
14:49:37,364 Fluidics INFO Fluidics status updated to: Idle
14:50:48,819 Fluidics INFO Fluidics status updated to: Idle
14:53:57,21 Fluidics INFO Fluidics status updated to: Idle
14:55:23,503 Fluidics INFO Fluidics status updated to: Idle
14:55:36,947 Fluidics INFO Fluidics status updated to: Command:Valve*[A]*TBS+1
15:02:44,556 Fluidics INFO Fluidics status updated to: Idle
15:02:44,603 Fluidics INFO Continuous monitoring started
15:02:44,604 Fluidics INFO New Message: Idle
15:03:03,862 Fluidics INFO Fluidics status updated to: Command:Valve*[A]*TBS+1
15:03:04,831 Fluidics INFO New Message: Command:Valve*[A]*TBS+1
15:03:04,831 Fluidics INFO Interpreting message: Command:Valve*[A]*TBS+1
15:03:04,832 Fluidics INFO Fluidics status updated to: Running:Valve*[A]*TBS+1
15:03:04,856 Fluidics INFO Fluidics status updated to: Running
15:03:04,860 Fluidics INFO Protocol Summary
15:03:04,862 Fluidics INFO Port: TBS  Total Volume: 1.0mL
15:03:04,863 Fluidics INFO Estimated Total Time: 56s
15:03:04,864 Fluidics INFO Fluidics task index 0 saved to C:\GitRepos\pyScope\State\Fluidics_task_idx.txt
15:03:04,870 Fluidics INFO   port volume speed pause direction time_estimate
0    A      4   0.5     0   Reverse          20.0
15:03:04,882 Fluidics INFO Fluidics state saved to C:\GitRepos\pyScope\State\Fluidics_state.json
15:03:04,882 Fluidics WARNING Error updating state: 'NoneType' object is not callable
15:03:06,3 Fluidics INFO Fluidics state saved to C:\GitRepos\pyScope\State\Fluidics_state.json
15:03:06,3 Fluidics WARNING Error updating state: 'NoneType' object is not callable
15:03:06,5 Fluidics INFO Fluidics state saved to C:\GitRepos\pyScope\State\Fluidics_state.json
15:03:06,6 Fluidics WARNING Error updating state: 'NoneType' object is not callable
15:03:30,783 Fluidics INFO Fluidics state saved to C:\GitRepos\pyScope\State\Fluidics_state.json
15:03:30,784 Fluidics WARNING Error updating state: 'NoneType' object is not callable
15:03:30,785 Fluidics INFO Fluidics task index 1 saved to C:\GitRepos\pyScope\State\Fluidics_task_idx.txt
15:03:30,792 Fluidics INFO     port volume speed pause direction time_estimate
1  Waste      4   0.5     0   Forward          20.0
15:03:30,808 Fluidics INFO Fluidics state saved to C:\GitRepos\pyScope\State\Fluidics_state.json
15:03:30,808 Fluidics WARNING Error updating state: 'NoneType' object is not callable
15:03:31,923 Fluidics INFO Fluidics state saved to C:\GitRepos\pyScope\State\Fluidics_state.json
15:03:31,924 Fluidics WARNING Error updating state: 'NoneType' object is not callable
15:03:33,40 Fluidics INFO Fluidics state saved to C:\GitRepos\pyScope\State\Fluidics_state.json
15:03:33,41 Fluidics WARNING Error updating state: 'NoneType' object is not callable
15:03:33,43 Fluidics INFO Fluidics state saved to C:\GitRepos\pyScope\State\Fluidics_state.json
15:03:33,44 Fluidics WARNING Error updating state: 'NoneType' object is not callable
15:03:57,809 Fluidics INFO Fluidics state saved to C:\GitRepos\pyScope\State\Fluidics_state.json
15:03:57,810 Fluidics WARNING Error updating state: 'NoneType' object is not callable
15:03:57,811 Fluidics INFO Fluidics task index 2 saved to C:\GitRepos\pyScope\State\Fluidics_task_idx.txt
15:03:57,816 Fluidics INFO   port volume speed pause direction time_estimate
2           0   0.5     1      Wait           2.0
15:03:58,835 Fluidics INFO Fluidics task index 3 saved to C:\GitRepos\pyScope\State\Fluidics_task_idx.txt
15:03:58,841 Fluidics INFO   port volume speed pause direction time_estimate
3  TBS    1.0   0.5     0   Reverse          5.75
15:03:58,851 Fluidics INFO Fluidics state saved to C:\GitRepos\pyScope\State\Fluidics_state.json
15:03:58,851 Fluidics WARNING Error updating state: 'NoneType' object is not callable
15:03:59,976 Fluidics INFO Fluidics state saved to C:\GitRepos\pyScope\State\Fluidics_state.json
15:03:59,977 Fluidics WARNING Error updating state: 'NoneType' object is not callable
15:03:59,978 Fluidics INFO Fluidics state saved to C:\GitRepos\pyScope\State\Fluidics_state.json
15:03:59,978 Fluidics WARNING Error updating state: 'NoneType' object is not callable
15:04:06,948 Fluidics INFO Fluidics state saved to C:\GitRepos\pyScope\State\Fluidics_state.json
15:04:06,949 Fluidics WARNING Error updating state: 'NoneType' object is not callable
15:04:06,953 Fluidics INFO Fluidics task index 4 saved to C:\GitRepos\pyScope\State\Fluidics_task_idx.txt
15:04:06,964 Fluidics INFO   port volume speed pause direction time_estimate
4    A    1.0   0.5     0   Forward          5.75
15:04:06,976 Fluidics INFO Fluidics state saved to C:\GitRepos\pyScope\State\Fluidics_state.json
15:04:06,977 Fluidics WARNING Error updating state: 'NoneType' object is not callable
15:04:08,87 Fluidics INFO Fluidics state saved to C:\GitRepos\pyScope\State\Fluidics_state.json
15:04:08,87 Fluidics WARNING Error updating state: 'NoneType' object is not callable
15:04:08,89 Fluidics INFO Fluidics state saved to C:\GitRepos\pyScope\State\Fluidics_state.json
15:04:08,89 Fluidics WARNING Error updating state: 'NoneType' object is not callable
15:04:15,51 Fluidics INFO Fluidics state saved to C:\GitRepos\pyScope\State\Fluidics_state.json
15:04:15,53 Fluidics WARNING Error updating state: 'NoneType' object is not callable
15:04:15,56 Fluidics INFO Fluidics task index 5 saved to C:\GitRepos\pyScope\State\Fluidics_task_idx.txt
15:04:15,67 Fluidics INFO   port volume speed pause direction time_estimate
5           0   0.5     1      Wait           2.0
15:04:16,95 Fluidics INFO Fluidics task index 6 saved to C:\GitRepos\pyScope\State\Fluidics_task_idx.txt
15:04:16,104 Fluidics INFO   port volume speed pause direction time_estimate
6           0   0.5   0.0      Wait           1.0
15:04:16,115 Fluidics INFO Fluidics task index 0 saved to C:\GitRepos\pyScope\State\Fluidics_task_idx.txt
15:04:16,116 Fluidics INFO Fluidics tasks file deleted
15:04:16,117 Fluidics INFO Fluidics status updated to: Idle
15:04:16,119 Fluidics INFO Fluidics status updated to: Finished:Valve*[A]*TBS+1
15:04:17,120 Fluidics INFO New Message: Finished:Valve*[A]*TBS+1
15:04:39,176 Fluidics INFO Fluidics status updated to: offline
15:04:39,177 Fluidics INFO Continuous monitoring terminated - status set to offline
15:05:01,547 Fluidics INFO Fluidics status updated to: Idle
15:05:01,548 Fluidics INFO Continuous monitoring started
15:05:01,548 Fluidics INFO New Message: Idle
15:05:12,871 Fluidics INFO Fluidics status updated to: Command:Valve*[A]*TBS+1
15:05:13,674 Fluidics INFO New Message: Command:Valve*[A]*TBS+1
15:05:13,675 Fluidics INFO Interpreting message: Command:Valve*[A]*TBS+1
15:05:13,678 Fluidics INFO Fluidics status updated to: Running:Valve*[A]*TBS+1
15:05:13,715 Fluidics INFO Fluidics status updated to: Running
15:05:13,718 Fluidics INFO Protocol Summary
15:05:13,720 Fluidics INFO Port: TBS  Total Volume: 1.0mL
15:05:13,722 Fluidics INFO Estimated Total Time: 56s
15:05:13,723 Fluidics INFO Fluidics task index 0 saved to C:\GitRepos\pyScope\State\Fluidics_task_idx.txt
15:05:13,730 Fluidics INFO   port volume speed pause direction time_estimate
0    A      4   0.5     0   Reverse          20.0
15:05:13,740 Fluidics INFO Fluidics state saved to C:\GitRepos\pyScope\State\Fluidics_state.json
15:05:13,741 Fluidics WARNING Error updating state: 'NoneType' object is not callable
15:05:14,862 Fluidics INFO Fluidics state saved to C:\GitRepos\pyScope\State\Fluidics_state.json
15:05:14,863 Fluidics WARNING Error updating state: 'NoneType' object is not callable
15:05:14,864 Fluidics INFO Fluidics state saved to C:\GitRepos\pyScope\State\Fluidics_state.json
15:05:14,864 Fluidics WARNING Error updating state: 'NoneType' object is not callable
15:05:39,632 Fluidics INFO Fluidics state saved to C:\GitRepos\pyScope\State\Fluidics_state.json
15:05:39,633 Fluidics WARNING Error updating state: 'NoneType' object is not callable
15:05:39,636 Fluidics INFO Fluidics task index 1 saved to C:\GitRepos\pyScope\State\Fluidics_task_idx.txt
15:05:39,646 Fluidics INFO     port volume speed pause direction time_estimate
1  Waste      4   0.5     0   Forward          20.0
15:05:39,656 Fluidics INFO Fluidics state saved to C:\GitRepos\pyScope\State\Fluidics_state.json
15:05:39,656 Fluidics WARNING Error updating state: 'NoneType' object is not callable
15:05:40,773 Fluidics INFO Fluidics state saved to C:\GitRepos\pyScope\State\Fluidics_state.json
15:05:40,773 Fluidics WARNING Error updating state: 'NoneType' object is not callable
15:05:41,885 Fluidics INFO Fluidics state saved to C:\GitRepos\pyScope\State\Fluidics_state.json
15:05:41,886 Fluidics WARNING Error updating state: 'NoneType' object is not callable
15:05:41,887 Fluidics INFO Fluidics state saved to C:\GitRepos\pyScope\State\Fluidics_state.json
15:05:41,887 Fluidics WARNING Error updating state: 'NoneType' object is not callable
15:06:06,656 Fluidics INFO Fluidics state saved to C:\GitRepos\pyScope\State\Fluidics_state.json
15:06:06,658 Fluidics WARNING Error updating state: 'NoneType' object is not callable
15:06:06,661 Fluidics INFO Fluidics task index 2 saved to C:\GitRepos\pyScope\State\Fluidics_task_idx.txt
15:06:06,670 Fluidics INFO   port volume speed pause direction time_estimate
2           0   0.5     1      Wait           2.0
15:06:07,682 Fluidics INFO Fluidics task index 3 saved to C:\GitRepos\pyScope\State\Fluidics_task_idx.txt
15:06:07,688 Fluidics INFO   port volume speed pause direction time_estimate
3  TBS    1.0   0.5     0   Reverse          5.75
15:06:07,697 Fluidics INFO Fluidics state saved to C:\GitRepos\pyScope\State\Fluidics_state.json
15:06:07,698 Fluidics WARNING Error updating state: 'NoneType' object is not callable
15:06:08,820 Fluidics INFO Fluidics state saved to C:\GitRepos\pyScope\State\Fluidics_state.json
15:06:08,821 Fluidics WARNING Error updating state: 'NoneType' object is not callable
15:06:08,825 Fluidics INFO Fluidics state saved to C:\GitRepos\pyScope\State\Fluidics_state.json
15:06:08,826 Fluidics WARNING Error updating state: 'NoneType' object is not callable
15:06:15,782 Fluidics INFO Fluidics state saved to C:\GitRepos\pyScope\State\Fluidics_state.json
15:06:15,783 Fluidics WARNING Error updating state: 'NoneType' object is not callable
15:06:15,783 Fluidics INFO Fluidics task index 4 saved to C:\GitRepos\pyScope\State\Fluidics_task_idx.txt
15:06:15,788 Fluidics INFO   port volume speed pause direction time_estimate
4    A    1.0   0.5     0   Forward          5.75
15:06:15,799 Fluidics INFO Fluidics state saved to C:\GitRepos\pyScope\State\Fluidics_state.json
15:06:15,799 Fluidics WARNING Error updating state: 'NoneType' object is not callable
15:06:16,913 Fluidics INFO Fluidics state saved to C:\GitRepos\pyScope\State\Fluidics_state.json
15:06:16,914 Fluidics WARNING Error updating state: 'NoneType' object is not callable
15:06:16,915 Fluidics INFO Fluidics state saved to C:\GitRepos\pyScope\State\Fluidics_state.json
15:06:16,915 Fluidics WARNING Error updating state: 'NoneType' object is not callable
15:06:23,873 Fluidics INFO Fluidics state saved to C:\GitRepos\pyScope\State\Fluidics_state.json
15:06:23,874 Fluidics WARNING Error updating state: 'NoneType' object is not callable
15:06:23,875 Fluidics INFO Fluidics task index 5 saved to C:\GitRepos\pyScope\State\Fluidics_task_idx.txt
15:06:23,881 Fluidics INFO   port volume speed pause direction time_estimate
5           0   0.5     1      Wait           2.0
15:06:24,902 Fluidics INFO Fluidics task index 6 saved to C:\GitRepos\pyScope\State\Fluidics_task_idx.txt
15:06:24,910 Fluidics INFO   port volume speed pause direction time_estimate
6           0   0.5   0.0      Wait           1.0
15:06:24,920 Fluidics INFO Fluidics task index 0 saved to C:\GitRepos\pyScope\State\Fluidics_task_idx.txt
15:06:24,921 Fluidics INFO Fluidics tasks file deleted
15:06:24,922 Fluidics INFO Fluidics status updated to: Idle
15:06:24,922 Fluidics INFO Fluidics status updated to: Finished:Valve*[A]*TBS+1
15:06:25,933 Fluidics INFO New Message: Finished:Valve*[A]*TBS+1
15:12:33,70 Fluidics INFO Fluidics status updated to: Command:Valve*[A]*TBS+1
15:12:33,736 Fluidics INFO New Message: Command:Valve*[A]*TBS+1
15:12:33,737 Fluidics INFO Interpreting message: Command:Valve*[A]*TBS+1
15:12:33,738 Fluidics INFO Fluidics status updated to: Running:Valve*[A]*TBS+1
15:12:33,764 Fluidics INFO Fluidics status updated to: Running
15:12:33,765 Fluidics INFO Protocol Summary
15:12:33,767 Fluidics INFO Port: TBS  Total Volume: 1.0mL
15:12:33,768 Fluidics INFO Estimated Total Time: 56s
15:12:33,769 Fluidics INFO Fluidics task index 0 saved to C:\GitRepos\pyScope\State\Fluidics_task_idx.txt
15:12:33,775 Fluidics INFO   port volume speed pause direction time_estimate
0    A      4   0.5     0   Reverse          20.0
15:12:33,785 Fluidics INFO Fluidics state saved to C:\GitRepos\pyScope\State\Fluidics_state.json
15:12:33,785 Fluidics WARNING Error updating state: 'NoneType' object is not callable
15:12:34,905 Fluidics INFO Fluidics state saved to C:\GitRepos\pyScope\State\Fluidics_state.json
15:12:34,906 Fluidics WARNING Error updating state: 'NoneType' object is not callable
15:12:34,907 Fluidics INFO Fluidics state saved to C:\GitRepos\pyScope\State\Fluidics_state.json
15:12:34,907 Fluidics WARNING Error updating state: 'NoneType' object is not callable
15:12:59,667 Fluidics INFO Fluidics state saved to C:\GitRepos\pyScope\State\Fluidics_state.json
15:12:59,668 Fluidics WARNING Error updating state: 'NoneType' object is not callable
15:12:59,669 Fluidics INFO Fluidics task index 1 saved to C:\GitRepos\pyScope\State\Fluidics_task_idx.txt
15:12:59,674 Fluidics INFO     port volume speed pause direction time_estimate
1  Waste      4   0.5     0   Forward          20.0
15:12:59,684 Fluidics INFO Fluidics state saved to C:\GitRepos\pyScope\State\Fluidics_state.json
15:12:59,684 Fluidics WARNING Error updating state: 'NoneType' object is not callable
15:13:00,809 Fluidics INFO Fluidics state saved to C:\GitRepos\pyScope\State\Fluidics_state.json
15:13:00,811 Fluidics WARNING Error updating state: 'NoneType' object is not callable
15:13:01,933 Fluidics INFO Fluidics state saved to C:\GitRepos\pyScope\State\Fluidics_state.json
15:13:01,934 Fluidics WARNING Error updating state: 'NoneType' object is not callable
15:13:01,935 Fluidics INFO Fluidics state saved to C:\GitRepos\pyScope\State\Fluidics_state.json
15:13:01,936 Fluidics WARNING Error updating state: 'NoneType' object is not callable
15:13:26,700 Fluidics INFO Fluidics state saved to C:\GitRepos\pyScope\State\Fluidics_state.json
15:13:26,701 Fluidics WARNING Error updating state: 'NoneType' object is not callable
15:13:26,702 Fluidics INFO Fluidics task index 2 saved to C:\GitRepos\pyScope\State\Fluidics_task_idx.txt
15:13:26,709 Fluidics INFO   port volume speed pause direction time_estimate
2           0   0.5     1      Wait           2.0
15:13:27,741 Fluidics INFO Fluidics task index 3 saved to C:\GitRepos\pyScope\State\Fluidics_task_idx.txt
15:13:27,749 Fluidics INFO   port volume speed pause direction time_estimate
3  TBS    1.0   0.5     0   Reverse          5.75
15:13:27,762 Fluidics INFO Fluidics state saved to C:\GitRepos\pyScope\State\Fluidics_state.json
15:13:27,763 Fluidics WARNING Error updating state: 'NoneType' object is not callable
15:13:28,874 Fluidics INFO Fluidics state saved to C:\GitRepos\pyScope\State\Fluidics_state.json
15:13:28,875 Fluidics WARNING Error updating state: 'NoneType' object is not callable
15:13:28,876 Fluidics INFO Fluidics state saved to C:\GitRepos\pyScope\State\Fluidics_state.json
15:13:28,876 Fluidics WARNING Error updating state: 'NoneType' object is not callable
15:13:35,832 Fluidics INFO Fluidics state saved to C:\GitRepos\pyScope\State\Fluidics_state.json
15:13:35,832 Fluidics WARNING Error updating state: 'NoneType' object is not callable
15:13:35,834 Fluidics INFO Fluidics task index 4 saved to C:\GitRepos\pyScope\State\Fluidics_task_idx.txt
15:13:35,843 Fluidics INFO   port volume speed pause direction time_estimate
4    A    1.0   0.5     0   Forward          5.75
15:13:35,858 Fluidics INFO Fluidics state saved to C:\GitRepos\pyScope\State\Fluidics_state.json
15:13:35,858 Fluidics WARNING Error updating state: 'NoneType' object is not callable
15:13:36,981 Fluidics INFO Fluidics state saved to C:\GitRepos\pyScope\State\Fluidics_state.json
15:13:36,981 Fluidics WARNING Error updating state: 'NoneType' object is not callable
15:13:36,982 Fluidics INFO Fluidics state saved to C:\GitRepos\pyScope\State\Fluidics_state.json
15:13:36,983 Fluidics WARNING Error updating state: 'NoneType' object is not callable
15:13:43,953 Fluidics INFO Fluidics state saved to C:\GitRepos\pyScope\State\Fluidics_state.json
15:13:43,953 Fluidics WARNING Error updating state: 'NoneType' object is not callable
15:13:43,954 Fluidics INFO Fluidics task index 5 saved to C:\GitRepos\pyScope\State\Fluidics_task_idx.txt
15:13:43,963 Fluidics INFO   port volume speed pause direction time_estimate
5           0   0.5     1      Wait           2.0
15:13:44,995 Fluidics INFO Fluidics task index 6 saved to C:\GitRepos\pyScope\State\Fluidics_task_idx.txt
15:13:45,5 Fluidics INFO   port volume speed pause direction time_estimate
6           0   0.5   0.0      Wait           1.0
15:13:45,15 Fluidics INFO Fluidics task index 0 saved to C:\GitRepos\pyScope\State\Fluidics_task_idx.txt
15:13:45,15 Fluidics INFO Fluidics tasks file deleted
15:13:45,16 Fluidics INFO Fluidics status updated to: Idle
15:13:45,17 Fluidics INFO Fluidics status updated to: Finished:Valve*[A]*TBS+1
15:13:46,20 Fluidics INFO New Message: Finished:Valve*[A]*TBS+1
15:15:34,247 Fluidics INFO Fluidics status updated to: Command:Valve*[A]*TBS+1
15:15:51,783 Fluidics INFO Fluidics status updated to: Idle
15:15:51,784 Fluidics INFO Continuous monitoring started
15:15:51,785 Fluidics INFO New Message: Idle
15:17:37,530 Fluidics INFO Fluidics status updated to: Command:Valve*[A]*TBS+1
15:17:41,851 Fluidics INFO Continuous monitoring started
15:17:41,852 Fluidics INFO New Message: Command:Valve*[A]*TBS+1
15:17:41,852 Fluidics INFO Interpreting message: Command:Valve*[A]*TBS+1
15:17:41,854 Fluidics INFO Fluidics status updated to: Running:Valve*[A]*TBS+1
15:17:41,876 Fluidics INFO Fluidics status updated to: Running
15:17:41,879 Fluidics INFO Protocol Summary
15:17:41,881 Fluidics INFO Port: TBS  Total Volume: 1.0mL
15:17:41,882 Fluidics INFO Estimated Total Time: 56s
15:17:41,883 Fluidics INFO Fluidics task index 0 saved to C:\GitRepos\pyScope\State\Fluidics_task_idx.txt
15:17:41,888 Fluidics INFO   port volume speed pause direction time_estimate
0    A      4   0.5     0   Reverse          20.0
15:17:41,900 Fluidics INFO Fluidics state saved to C:\GitRepos\pyScope\State\Fluidics_state.json
15:17:41,901 Fluidics WARNING Error updating state: 'NoneType' object is not callable
15:17:43,17 Fluidics INFO Fluidics state saved to C:\GitRepos\pyScope\State\Fluidics_state.json
15:17:43,18 Fluidics WARNING Error updating state: 'NoneType' object is not callable
15:17:43,21 Fluidics INFO Fluidics state saved to C:\GitRepos\pyScope\State\Fluidics_state.json
15:17:43,22 Fluidics WARNING Error updating state: 'NoneType' object is not callable
15:18:07,783 Fluidics INFO Fluidics state saved to C:\GitRepos\pyScope\State\Fluidics_state.json
15:18:07,783 Fluidics WARNING Error updating state: 'NoneType' object is not callable
15:18:07,785 Fluidics INFO Fluidics task index 1 saved to C:\GitRepos\pyScope\State\Fluidics_task_idx.txt
15:18:07,794 Fluidics INFO     port volume speed pause direction time_estimate
1  Waste      4   0.5     0   Forward          20.0
15:18:07,804 Fluidics INFO Fluidics state saved to C:\GitRepos\pyScope\State\Fluidics_state.json
15:18:07,805 Fluidics WARNING Error updating state: 'NoneType' object is not callable
15:18:08,918 Fluidics INFO Fluidics state saved to C:\GitRepos\pyScope\State\Fluidics_state.json
15:18:08,919 Fluidics WARNING Error updating state: 'NoneType' object is not callable
15:18:10,41 Fluidics INFO Fluidics state saved to C:\GitRepos\pyScope\State\Fluidics_state.json
15:18:10,42 Fluidics WARNING Error updating state: 'NoneType' object is not callable
15:18:10,43 Fluidics INFO Fluidics state saved to C:\GitRepos\pyScope\State\Fluidics_state.json
15:18:10,43 Fluidics WARNING Error updating state: 'NoneType' object is not callable
15:18:34,817 Fluidics INFO Fluidics state saved to C:\GitRepos\pyScope\State\Fluidics_state.json
15:18:34,818 Fluidics WARNING Error updating state: 'NoneType' object is not callable
15:18:34,819 Fluidics INFO Fluidics task index 2 saved to C:\GitRepos\pyScope\State\Fluidics_task_idx.txt
15:18:34,824 Fluidics INFO   port volume speed pause direction time_estimate
2           0   0.5     1      Wait           2.0
15:18:35,843 Fluidics INFO Fluidics task index 3 saved to C:\GitRepos\pyScope\State\Fluidics_task_idx.txt
15:18:35,848 Fluidics INFO   port volume speed pause direction time_estimate
3  TBS    1.0   0.5     0   Reverse          5.75
15:18:35,858 Fluidics INFO Fluidics state saved to C:\GitRepos\pyScope\State\Fluidics_state.json
15:18:35,859 Fluidics WARNING Error updating state: 'NoneType' object is not callable
15:18:36,980 Fluidics INFO Fluidics state saved to C:\GitRepos\pyScope\State\Fluidics_state.json
15:18:36,980 Fluidics WARNING Error updating state: 'NoneType' object is not callable
15:18:36,981 Fluidics INFO Fluidics state saved to C:\GitRepos\pyScope\State\Fluidics_state.json
15:18:36,982 Fluidics WARNING Error updating state: 'NoneType' object is not callable
15:18:43,944 Fluidics INFO Fluidics state saved to C:\GitRepos\pyScope\State\Fluidics_state.json
15:18:43,945 Fluidics WARNING Error updating state: 'NoneType' object is not callable
15:18:43,949 Fluidics INFO Fluidics task index 4 saved to C:\GitRepos\pyScope\State\Fluidics_task_idx.txt
15:18:43,960 Fluidics INFO   port volume speed pause direction time_estimate
4    A    1.0   0.5     0   Forward          5.75
15:18:43,971 Fluidics INFO Fluidics state saved to C:\GitRepos\pyScope\State\Fluidics_state.json
15:18:43,972 Fluidics WARNING Error updating state: 'NoneType' object is not callable
15:18:45,84 Fluidics INFO Fluidics state saved to C:\GitRepos\pyScope\State\Fluidics_state.json
15:18:45,85 Fluidics WARNING Error updating state: 'NoneType' object is not callable
15:18:45,86 Fluidics INFO Fluidics state saved to C:\GitRepos\pyScope\State\Fluidics_state.json
15:18:45,86 Fluidics WARNING Error updating state: 'NoneType' object is not callable
15:18:52,36 Fluidics INFO Fluidics state saved to C:\GitRepos\pyScope\State\Fluidics_state.json
15:18:52,37 Fluidics WARNING Error updating state: 'NoneType' object is not callable
15:18:52,38 Fluidics INFO Fluidics task index 5 saved to C:\GitRepos\pyScope\State\Fluidics_task_idx.txt
15:18:52,46 Fluidics INFO   port volume speed pause direction time_estimate
5           0   0.5     1      Wait           2.0
15:18:53,63 Fluidics INFO Fluidics task index 6 saved to C:\GitRepos\pyScope\State\Fluidics_task_idx.txt
15:18:53,75 Fluidics INFO   port volume speed pause direction time_estimate
6           0   0.5   0.0      Wait           1.0
15:18:53,93 Fluidics INFO Fluidics task index 0 saved to C:\GitRepos\pyScope\State\Fluidics_task_idx.txt
15:18:53,94 Fluidics INFO Fluidics tasks file deleted
15:18:53,96 Fluidics INFO Fluidics status updated to: Idle
15:18:53,98 Fluidics INFO Fluidics status updated to: Finished:Valve*[A]*TBS+1
15:18:54,105 Fluidics INFO New Message: Finished:Valve*[A]*TBS+1
15:19:50,732 Fluidics INFO Fluidics status updated to: Command:Valve*[A]*TBS+1
15:19:57,3 Fluidics INFO Continuous monitoring started
15:19:57,3 Fluidics INFO New Message: Command:Valve*[A]*TBS+1
15:19:57,4 Fluidics INFO Interpreting message: Command:Valve*[A]*TBS+1
15:19:57,5 Fluidics INFO Fluidics status updated to: Running:Valve*[A]*TBS+1
15:19:57,30 Fluidics INFO Protocol Summary
15:19:57,31 Fluidics INFO Port: TBS  Total Volume: 1.0mL
15:19:57,32 Fluidics INFO Estimated Total Time: 56s
15:19:57,33 Fluidics INFO Fluidics task index 0 saved to C:\GitRepos\pyScope\State\Fluidics_task_idx.txt
15:19:57,40 Fluidics INFO   port volume speed pause direction time_estimate
0    A      4   0.5     0   Reverse          20.0
15:19:57,50 Fluidics INFO Fluidics state saved to C:\GitRepos\pyScope\State\Fluidics_state.json
15:19:57,51 Fluidics WARNING Error updating state: 'NoneType' object is not callable
15:19:58,173 Fluidics INFO Fluidics state saved to C:\GitRepos\pyScope\State\Fluidics_state.json
15:19:58,173 Fluidics WARNING Error updating state: 'NoneType' object is not callable
15:19:58,175 Fluidics INFO Fluidics state saved to C:\GitRepos\pyScope\State\Fluidics_state.json
15:19:58,177 Fluidics WARNING Error updating state: 'NoneType' object is not callable
15:20:22,943 Fluidics INFO Fluidics state saved to C:\GitRepos\pyScope\State\Fluidics_state.json
15:20:22,944 Fluidics WARNING Error updating state: 'NoneType' object is not callable
15:20:22,947 Fluidics INFO Fluidics task index 1 saved to C:\GitRepos\pyScope\State\Fluidics_task_idx.txt
15:20:22,957 Fluidics INFO     port volume speed pause direction time_estimate
1  Waste      4   0.5     0   Forward          20.0
15:20:22,968 Fluidics INFO Fluidics state saved to C:\GitRepos\pyScope\State\Fluidics_state.json
15:20:22,968 Fluidics WARNING Error updating state: 'NoneType' object is not callable
15:20:24,85 Fluidics INFO Fluidics state saved to C:\GitRepos\pyScope\State\Fluidics_state.json
15:20:24,86 Fluidics WARNING Error updating state: 'NoneType' object is not callable
15:20:25,208 Fluidics INFO Fluidics state saved to C:\GitRepos\pyScope\State\Fluidics_state.json
15:20:25,208 Fluidics WARNING Error updating state: 'NoneType' object is not callable
15:20:25,210 Fluidics INFO Fluidics state saved to C:\GitRepos\pyScope\State\Fluidics_state.json
15:20:25,210 Fluidics WARNING Error updating state: 'NoneType' object is not callable
15:20:49,988 Fluidics INFO Fluidics state saved to C:\GitRepos\pyScope\State\Fluidics_state.json
15:20:49,989 Fluidics WARNING Error updating state: 'NoneType' object is not callable
15:20:49,993 Fluidics INFO Fluidics task index 2 saved to C:\GitRepos\pyScope\State\Fluidics_task_idx.txt
15:20:50,3 Fluidics INFO   port volume speed pause direction time_estimate
2           0   0.5     1      Wait           2.0
15:20:51,18 Fluidics INFO Fluidics task index 3 saved to C:\GitRepos\pyScope\State\Fluidics_task_idx.txt
15:20:51,23 Fluidics INFO   port volume speed pause direction time_estimate
3  TBS    1.0   0.5     0   Reverse          5.75
15:20:51,33 Fluidics INFO Fluidics state saved to C:\GitRepos\pyScope\State\Fluidics_state.json
15:20:51,34 Fluidics WARNING Error updating state: 'NoneType' object is not callable
15:20:52,155 Fluidics INFO Fluidics state saved to C:\GitRepos\pyScope\State\Fluidics_state.json
15:20:52,156 Fluidics WARNING Error updating state: 'NoneType' object is not callable
15:20:52,160 Fluidics INFO Fluidics state saved to C:\GitRepos\pyScope\State\Fluidics_state.json
15:20:52,161 Fluidics WARNING Error updating state: 'NoneType' object is not callable
15:20:59,125 Fluidics INFO Fluidics state saved to C:\GitRepos\pyScope\State\Fluidics_state.json
15:20:59,126 Fluidics WARNING Error updating state: 'NoneType' object is not callable
15:20:59,127 Fluidics INFO Fluidics task index 4 saved to C:\GitRepos\pyScope\State\Fluidics_task_idx.txt
15:20:59,132 Fluidics INFO   port volume speed pause direction time_estimate
4    A    1.0   0.5     0   Forward          5.75
15:20:59,142 Fluidics INFO Fluidics state saved to C:\GitRepos\pyScope\State\Fluidics_state.json
15:20:59,142 Fluidics WARNING Error updating state: 'NoneType' object is not callable
15:21:00,263 Fluidics INFO Fluidics state saved to C:\GitRepos\pyScope\State\Fluidics_state.json
15:21:00,263 Fluidics WARNING Error updating state: 'NoneType' object is not callable
15:21:00,267 Fluidics INFO Fluidics state saved to C:\GitRepos\pyScope\State\Fluidics_state.json
15:21:00,268 Fluidics WARNING Error updating state: 'NoneType' object is not callable
15:21:07,224 Fluidics INFO Fluidics state saved to C:\GitRepos\pyScope\State\Fluidics_state.json
15:21:07,225 Fluidics WARNING Error updating state: 'NoneType' object is not callable
15:21:07,228 Fluidics INFO Fluidics task index 5 saved to C:\GitRepos\pyScope\State\Fluidics_task_idx.txt
15:21:07,238 Fluidics INFO   port volume speed pause direction time_estimate
5           0   0.5     1      Wait           2.0
15:21:08,251 Fluidics INFO Fluidics task index 6 saved to C:\GitRepos\pyScope\State\Fluidics_task_idx.txt
15:21:08,256 Fluidics INFO   port volume speed pause direction time_estimate
6           0   0.5   0.0      Wait           1.0
15:21:08,266 Fluidics INFO Fluidics task index 0 saved to C:\GitRepos\pyScope\State\Fluidics_task_idx.txt
15:21:08,267 Fluidics INFO Fluidics tasks file deleted
15:21:08,267 Fluidics INFO Fluidics status updated to: Idle
15:21:08,268 Fluidics INFO Fluidics status updated to: Finished:Valve*[A]*TBS+1
15:21:09,281 Fluidics INFO New Message: Finished:Valve*[A]*TBS+1
15:24:13,80 Fluidics INFO Fluidics status updated to: Paused:Valve*[A]*TBS+1
15:27:14,53 Fluidics INFO Fluidics status updated to: Idle
15:27:14,72 Fluidics INFO Fluidics status updated to: Command:Valve*[A]*TBS+1
15:27:25,413 Fluidics INFO Fluidics status updated to: Paused:Valve*[A]*TBS+1
15:27:27,54 Fluidics INFO Fluidics status updated to: Command:Valve*[A]*TBS+1
15:27:32,285 Fluidics INFO Fluidics status updated to: Paused:Valve*[A]*TBS+1
15:27:33,613 Fluidics INFO Continuous monitoring started
15:27:33,614 Fluidics INFO New Message: Paused:Valve*[A]*TBS+1
15:27:40,226 Fluidics INFO Fluidics status updated to: Command:Valve*[A]*TBS+1
15:27:40,695 Fluidics INFO New Message: Command:Valve*[A]*TBS+1
15:27:40,695 Fluidics INFO Interpreting message: Command:Valve*[A]*TBS+1
15:27:40,696 Fluidics INFO Fluidics status updated to: Running:Valve*[A]*TBS+1
15:27:40,719 Fluidics INFO Protocol Summary
15:27:40,720 Fluidics INFO Port: TBS  Total Volume: 1.0mL
15:27:40,721 Fluidics INFO Estimated Total Time: 56s
15:27:40,722 Fluidics INFO Fluidics task index 0 saved to C:\GitRepos\pyScope\State\Fluidics_task_idx.txt
15:27:40,728 Fluidics INFO   port volume speed pause direction time_estimate
0    A      4   0.5     0   Reverse          20.0
15:27:40,739 Fluidics INFO Fluidics state saved to C:\GitRepos\pyScope\State\Fluidics_state.json
15:27:40,739 Fluidics WARNING Error updating state: 'NoneType' object is not callable
15:27:41,861 Fluidics INFO Fluidics state saved to C:\GitRepos\pyScope\State\Fluidics_state.json
15:27:41,862 Fluidics WARNING Error updating state: 'NoneType' object is not callable
15:27:41,863 Fluidics INFO Fluidics state saved to C:\GitRepos\pyScope\State\Fluidics_state.json
15:27:41,864 Fluidics WARNING Error updating state: 'NoneType' object is not callable
15:28:06,629 Fluidics INFO Fluidics state saved to C:\GitRepos\pyScope\State\Fluidics_state.json
15:28:06,629 Fluidics WARNING Error updating state: 'NoneType' object is not callable
15:28:06,633 Fluidics INFO Fluidics task index 1 saved to C:\GitRepos\pyScope\State\Fluidics_task_idx.txt
15:28:06,643 Fluidics INFO     port volume speed pause direction time_estimate
1  Waste      4   0.5     0   Forward          20.0
15:28:06,655 Fluidics INFO Fluidics state saved to C:\GitRepos\pyScope\State\Fluidics_state.json
15:28:06,656 Fluidics WARNING Error updating state: 'NoneType' object is not callable
15:28:07,770 Fluidics INFO Fluidics state saved to C:\GitRepos\pyScope\State\Fluidics_state.json
15:28:07,771 Fluidics WARNING Error updating state: 'NoneType' object is not callable
15:28:08,891 Fluidics INFO Fluidics state saved to C:\GitRepos\pyScope\State\Fluidics_state.json
15:28:08,892 Fluidics WARNING Error updating state: 'NoneType' object is not callable
15:28:08,894 Fluidics INFO Fluidics state saved to C:\GitRepos\pyScope\State\Fluidics_state.json
15:28:08,895 Fluidics WARNING Error updating state: 'NoneType' object is not callable
15:28:33,664 Fluidics INFO Fluidics state saved to C:\GitRepos\pyScope\State\Fluidics_state.json
15:28:33,665 Fluidics WARNING Error updating state: 'NoneType' object is not callable
15:28:33,666 Fluidics INFO Fluidics task index 2 saved to C:\GitRepos\pyScope\State\Fluidics_task_idx.txt
15:28:33,671 Fluidics INFO   port volume speed pause direction time_estimate
2           0   0.5     1      Wait           2.0
15:28:34,690 Fluidics INFO Fluidics task index 3 saved to C:\GitRepos\pyScope\State\Fluidics_task_idx.txt
15:28:34,695 Fluidics INFO   port volume speed pause direction time_estimate
3  TBS    1.0   0.5     0   Reverse          5.75
15:28:34,705 Fluidics INFO Fluidics state saved to C:\GitRepos\pyScope\State\Fluidics_state.json
15:28:34,706 Fluidics WARNING Error updating state: 'NoneType' object is not callable
15:28:35,828 Fluidics INFO Fluidics state saved to C:\GitRepos\pyScope\State\Fluidics_state.json
15:28:35,828 Fluidics WARNING Error updating state: 'NoneType' object is not callable
15:28:35,829 Fluidics INFO Fluidics state saved to C:\GitRepos\pyScope\State\Fluidics_state.json
15:28:35,829 Fluidics WARNING Error updating state: 'NoneType' object is not callable
15:28:42,794 Fluidics INFO Fluidics state saved to C:\GitRepos\pyScope\State\Fluidics_state.json
15:28:42,795 Fluidics WARNING Error updating state: 'NoneType' object is not callable
15:28:42,798 Fluidics INFO Fluidics task index 4 saved to C:\GitRepos\pyScope\State\Fluidics_task_idx.txt
15:28:42,803 Fluidics INFO   port volume speed pause direction time_estimate
4    A    1.0   0.5     0   Forward          5.75
15:28:42,814 Fluidics INFO Fluidics state saved to C:\GitRepos\pyScope\State\Fluidics_state.json
15:28:42,814 Fluidics WARNING Error updating state: 'NoneType' object is not callable
15:28:43,931 Fluidics INFO Fluidics state saved to C:\GitRepos\pyScope\State\Fluidics_state.json
15:28:43,931 Fluidics WARNING Error updating state: 'NoneType' object is not callable
15:28:43,932 Fluidics INFO Fluidics state saved to C:\GitRepos\pyScope\State\Fluidics_state.json
15:28:43,932 Fluidics WARNING Error updating state: 'NoneType' object is not callable
15:28:50,886 Fluidics INFO Fluidics state saved to C:\GitRepos\pyScope\State\Fluidics_state.json
15:28:50,887 Fluidics WARNING Error updating state: 'NoneType' object is not callable
15:28:50,890 Fluidics INFO Fluidics task index 5 saved to C:\GitRepos\pyScope\State\Fluidics_task_idx.txt
15:28:50,900 Fluidics INFO   port volume speed pause direction time_estimate
5           0   0.5     1      Wait           2.0
15:28:51,919 Fluidics INFO Fluidics task index 6 saved to C:\GitRepos\pyScope\State\Fluidics_task_idx.txt
15:28:51,924 Fluidics INFO   port volume speed pause direction time_estimate
6           0   0.5   0.0      Wait           1.0
15:28:51,934 Fluidics INFO Fluidics task index 0 saved to C:\GitRepos\pyScope\State\Fluidics_task_idx.txt
15:28:51,935 Fluidics INFO Fluidics tasks file deleted
15:28:51,936 Fluidics INFO Fluidics status updated to: Idle
15:28:51,937 Fluidics INFO Fluidics status updated to: Finished:Valve*[A]*TBS+1
15:28:52,946 Fluidics INFO New Message: Finished:Valve*[A]*TBS+1
15:37:57,881 Fluidics INFO Fluidics status updated to: Command:Valve*[A,B,C]*TBS+1!
15:37:58,661 Fluidics INFO New Message: Command:Valve*[A,B,C]*TBS+1!
15:37:58,663 Fluidics INFO Interpreting message: Command:Valve*[A,B,C]*TBS+1!
15:37:58,665 Fluidics INFO Fluidics status updated to: Running:Valve*[A,B,C]*TBS+1!
15:37:58,690 Fluidics INFO Protocol Summary
15:37:58,691 Fluidics INFO Port: TBS  Total Volume: 3.0mL
15:37:58,692 Fluidics INFO Estimated Total Time: 2m47s
15:37:59,707 Fluidics INFO Fluidics task index 0 saved to C:\GitRepos\pyScope\State\Fluidics_task_idx.txt
15:37:59,711 Fluidics INFO Fluidics tasks file deleted
15:37:59,714 Fluidics INFO Fluidics status updated to: Idle
15:37:59,718 Fluidics INFO Fluidics status updated to: Finished:Valve*[A,B,C]*TBS+1!
15:38:00,733 Fluidics INFO New Message: Finished:Valve*[A,B,C]*TBS+1!
18:52:41,337 Fluidics INFO Fluidics status updated to: Idle
20:28:05,464 Fluidics INFO Continuous monitoring started
20:28:05,465 Fluidics INFO New Message: Idle
20:31:13,976 Fluidics INFO Fluidics status updated to: Command:Valve*[A]*TBS+1
20:31:14,653 Fluidics INFO New Message: Command:Valve*[A]*TBS+1
20:31:14,655 Fluidics INFO Interpreting message: Command:Valve*[A]*TBS+1
20:31:14,658 Fluidics INFO Fluidics status updated to: Running:Valve*[A]*TBS+1
20:31:14,680 Fluidics INFO Protocol Summary
20:31:14,681 Fluidics INFO Port: TBS  Total Volume: 1.0mL
20:31:14,682 Fluidics INFO Estimated Total Time: 56s
20:31:14,683 Fluidics INFO Fluidics task index 0 saved to C:\GitRepos\pyScope\State\Fluidics_task_idx.txt
20:31:14,689 Fluidics INFO   port volume speed pause direction time_estimate
0    A      4   0.5     0   Reverse          20.0
20:31:14,699 Fluidics INFO Fluidics state saved to C:\GitRepos\pyScope\State\Fluidics_state.json
20:31:14,699 Fluidics WARNING Error updating state: 'NoneType' object is not callable
20:31:15,822 Fluidics INFO Fluidics state saved to C:\GitRepos\pyScope\State\Fluidics_state.json
20:31:15,822 Fluidics WARNING Error updating state: 'NoneType' object is not callable
20:31:15,824 Fluidics INFO Fluidics state saved to C:\GitRepos\pyScope\State\Fluidics_state.json
20:31:15,824 Fluidics WARNING Error updating state: 'NoneType' object is not callable
20:31:40,588 Fluidics INFO Fluidics state saved to C:\GitRepos\pyScope\State\Fluidics_state.json
20:31:40,588 Fluidics WARNING Error updating state: 'NoneType' object is not callable
20:31:40,589 Fluidics INFO Fluidics task index 1 saved to C:\GitRepos\pyScope\State\Fluidics_task_idx.txt
20:31:40,594 Fluidics INFO     port volume speed pause direction time_estimate
1  Waste      4   0.5     0   Forward          20.0
20:31:40,604 Fluidics INFO Fluidics state saved to C:\GitRepos\pyScope\State\Fluidics_state.json
20:31:40,605 Fluidics WARNING Error updating state: 'NoneType' object is not callable
20:31:41,725 Fluidics INFO Fluidics state saved to C:\GitRepos\pyScope\State\Fluidics_state.json
20:31:41,726 Fluidics WARNING Error updating state: 'NoneType' object is not callable
20:31:42,842 Fluidics INFO Fluidics state saved to C:\GitRepos\pyScope\State\Fluidics_state.json
20:31:42,843 Fluidics WARNING Error updating state: 'NoneType' object is not callable
20:31:42,844 Fluidics INFO Fluidics state saved to C:\GitRepos\pyScope\State\Fluidics_state.json
20:31:42,845 Fluidics WARNING Error updating state: 'NoneType' object is not callable
20:31:53,818 Fluidics INFO Fluidics status updated to: Paused:Valve*[A]*TBS+1
20:32:07,621 Fluidics INFO Fluidics state saved to C:\GitRepos\pyScope\State\Fluidics_state.json
20:32:07,622 Fluidics WARNING Error updating state: 'NoneType' object is not callable
20:32:07,626 Fluidics INFO Fluidics task index 2 saved to C:\GitRepos\pyScope\State\Fluidics_task_idx.txt
20:32:07,632 Fluidics INFO   port volume speed pause direction time_estimate
2           0   0.5     1      Wait           2.0
20:32:08,647 Fluidics INFO Fluidics task index 3 saved to C:\GitRepos\pyScope\State\Fluidics_task_idx.txt
20:32:08,653 Fluidics INFO   port volume speed pause direction time_estimate
3  TBS    1.0   0.5     0   Reverse          5.75
20:32:08,662 Fluidics INFO Fluidics state saved to C:\GitRepos\pyScope\State\Fluidics_state.json
20:32:08,663 Fluidics WARNING Error updating state: 'NoneType' object is not callable
20:32:09,786 Fluidics INFO Fluidics state saved to C:\GitRepos\pyScope\State\Fluidics_state.json
20:32:09,787 Fluidics WARNING Error updating state: 'NoneType' object is not callable
20:32:09,791 Fluidics INFO Fluidics state saved to C:\GitRepos\pyScope\State\Fluidics_state.json
20:32:09,792 Fluidics WARNING Error updating state: 'NoneType' object is not callable
20:32:16,751 Fluidics INFO Fluidics state saved to C:\GitRepos\pyScope\State\Fluidics_state.json
20:32:16,752 Fluidics WARNING Error updating state: 'NoneType' object is not callable
20:32:16,756 Fluidics INFO Fluidics task index 4 saved to C:\GitRepos\pyScope\State\Fluidics_task_idx.txt
20:32:16,767 Fluidics INFO   port volume speed pause direction time_estimate
4    A    1.0   0.5     0   Forward          5.75
20:32:16,776 Fluidics INFO Fluidics state saved to C:\GitRepos\pyScope\State\Fluidics_state.json
20:32:16,777 Fluidics WARNING Error updating state: 'NoneType' object is not callable
20:32:17,890 Fluidics INFO Fluidics state saved to C:\GitRepos\pyScope\State\Fluidics_state.json
20:32:17,891 Fluidics WARNING Error updating state: 'NoneType' object is not callable
20:32:17,895 Fluidics INFO Fluidics state saved to C:\GitRepos\pyScope\State\Fluidics_state.json
20:32:17,896 Fluidics WARNING Error updating state: 'NoneType' object is not callable
20:32:24,845 Fluidics INFO Fluidics state saved to C:\GitRepos\pyScope\State\Fluidics_state.json
20:32:24,845 Fluidics WARNING Error updating state: 'NoneType' object is not callable
20:32:24,846 Fluidics INFO Fluidics task index 5 saved to C:\GitRepos\pyScope\State\Fluidics_task_idx.txt
20:32:24,851 Fluidics INFO   port volume speed pause direction time_estimate
5           0   0.5     1      Wait           2.0
20:32:25,870 Fluidics INFO Fluidics task index 6 saved to C:\GitRepos\pyScope\State\Fluidics_task_idx.txt
20:32:25,875 Fluidics INFO   port volume speed pause direction time_estimate
6           0   0.5   0.0      Wait           1.0
20:32:25,884 Fluidics INFO Fluidics task index 0 saved to C:\GitRepos\pyScope\State\Fluidics_task_idx.txt
20:32:25,885 Fluidics INFO Fluidics tasks file deleted
20:32:25,886 Fluidics INFO Fluidics status updated to: Idle
20:32:25,886 Fluidics INFO Fluidics status updated to: Finished:Valve*[A]*TBS+1
20:32:26,900 Fluidics INFO New Message: Finished:Valve*[A]*TBS+1
20:32:46,37 Fluidics INFO Fluidics status updated to: Running:Valve*[A]*TBS+1
20:32:46,122 Fluidics INFO New Message: Running:Valve*[A]*TBS+1
20:33:18,472 Fluidics INFO New Message: Finished:Valve*[A]*TBS+1
20:33:27,258 Fluidics INFO Fluidics status updated to: Command:Valve*[A]*TBS+1
20:33:27,575 Fluidics INFO New Message: Command:Valve*[A]*TBS+1
20:33:27,576 Fluidics INFO Interpreting message: Command:Valve*[A]*TBS+1
20:33:27,577 Fluidics INFO Fluidics status updated to: Running:Valve*[A]*TBS+1
20:33:27,597 Fluidics INFO Protocol Summary
20:33:27,598 Fluidics INFO Port: TBS  Total Volume: 1.0mL
20:33:27,599 Fluidics INFO Estimated Total Time: 56s
20:33:27,599 Fluidics INFO Fluidics task index 0 saved to C:\GitRepos\pyScope\State\Fluidics_task_idx.txt
20:33:27,605 Fluidics INFO   port volume speed pause direction time_estimate
0    A      4   0.5     0   Reverse          20.0
20:33:27,615 Fluidics INFO Fluidics state saved to C:\GitRepos\pyScope\State\Fluidics_state.json
20:33:27,615 Fluidics WARNING Error updating state: 'NoneType' object is not callable
20:33:28,728 Fluidics INFO Fluidics state saved to C:\GitRepos\pyScope\State\Fluidics_state.json
20:33:28,729 Fluidics WARNING Error updating state: 'NoneType' object is not callable
20:33:28,730 Fluidics INFO Fluidics state saved to C:\GitRepos\pyScope\State\Fluidics_state.json
20:33:28,730 Fluidics WARNING Error updating state: 'NoneType' object is not callable
20:33:32,176 Fluidics INFO Fluidics status updated to: Paused:Valve*[A]*TBS+1
20:33:52,238 Fluidics INFO Fluidics status updated to: Running:Valve*[A]*TBS+1
20:33:53,492 Fluidics INFO Fluidics state saved to C:\GitRepos\pyScope\State\Fluidics_state.json
20:33:53,492 Fluidics WARNING Error updating state: 'NoneType' object is not callable
20:33:53,493 Fluidics INFO Fluidics task index 1 saved to C:\GitRepos\pyScope\State\Fluidics_task_idx.txt
20:33:53,499 Fluidics INFO     port volume speed pause direction time_estimate
1  Waste      4   0.5     0   Forward          20.0
20:33:53,508 Fluidics INFO Fluidics state saved to C:\GitRepos\pyScope\State\Fluidics_state.json
20:33:53,510 Fluidics WARNING Error updating state: 'NoneType' object is not callable
20:33:54,630 Fluidics INFO Fluidics state saved to C:\GitRepos\pyScope\State\Fluidics_state.json
20:33:54,630 Fluidics WARNING Error updating state: 'NoneType' object is not callable
20:33:55,752 Fluidics INFO Fluidics state saved to C:\GitRepos\pyScope\State\Fluidics_state.json
20:33:55,753 Fluidics WARNING Error updating state: 'NoneType' object is not callable
20:33:55,756 Fluidics INFO Fluidics state saved to C:\GitRepos\pyScope\State\Fluidics_state.json
20:33:55,757 Fluidics WARNING Error updating state: 'NoneType' object is not callable
20:34:20,527 Fluidics INFO Fluidics state saved to C:\GitRepos\pyScope\State\Fluidics_state.json
20:34:20,528 Fluidics WARNING Error updating state: 'NoneType' object is not callable
20:34:20,532 Fluidics INFO Fluidics task index 2 saved to C:\GitRepos\pyScope\State\Fluidics_task_idx.txt
20:34:20,539 Fluidics INFO   port volume speed pause direction time_estimate
2           0   0.5     1      Wait           2.0
20:34:21,557 Fluidics INFO Fluidics task index 3 saved to C:\GitRepos\pyScope\State\Fluidics_task_idx.txt
20:34:21,564 Fluidics INFO   port volume speed pause direction time_estimate
3  TBS    1.0   0.5     0   Reverse          5.75
20:34:21,573 Fluidics INFO Fluidics state saved to C:\GitRepos\pyScope\State\Fluidics_state.json
20:34:21,574 Fluidics WARNING Error updating state: 'NoneType' object is not callable
20:34:22,695 Fluidics INFO Fluidics state saved to C:\GitRepos\pyScope\State\Fluidics_state.json
20:34:22,696 Fluidics WARNING Error updating state: 'NoneType' object is not callable
20:34:22,700 Fluidics INFO Fluidics state saved to C:\GitRepos\pyScope\State\Fluidics_state.json
20:34:22,701 Fluidics WARNING Error updating state: 'NoneType' object is not callable
20:34:29,657 Fluidics INFO Fluidics state saved to C:\GitRepos\pyScope\State\Fluidics_state.json
20:34:29,658 Fluidics WARNING Error updating state: 'NoneType' object is not callable
20:34:29,662 Fluidics INFO Fluidics task index 4 saved to C:\GitRepos\pyScope\State\Fluidics_task_idx.txt
20:34:29,673 Fluidics INFO   port volume speed pause direction time_estimate
4    A    1.0   0.5     0   Forward          5.75
20:34:29,683 Fluidics INFO Fluidics state saved to C:\GitRepos\pyScope\State\Fluidics_state.json
20:34:29,683 Fluidics WARNING Error updating state: 'NoneType' object is not callable
20:34:30,800 Fluidics INFO Fluidics state saved to C:\GitRepos\pyScope\State\Fluidics_state.json
20:34:30,801 Fluidics WARNING Error updating state: 'NoneType' object is not callable
20:34:30,805 Fluidics INFO Fluidics state saved to C:\GitRepos\pyScope\State\Fluidics_state.json
20:34:30,806 Fluidics WARNING Error updating state: 'NoneType' object is not callable
20:34:37,768 Fluidics INFO Fluidics state saved to C:\GitRepos\pyScope\State\Fluidics_state.json
20:34:37,769 Fluidics WARNING Error updating state: 'NoneType' object is not callable
20:34:37,773 Fluidics INFO Fluidics task index 5 saved to C:\GitRepos\pyScope\State\Fluidics_task_idx.txt
20:34:37,780 Fluidics INFO   port volume speed pause direction time_estimate
5           0   0.5     1      Wait           2.0
20:34:38,798 Fluidics INFO Fluidics task index 6 saved to C:\GitRepos\pyScope\State\Fluidics_task_idx.txt
20:34:38,806 Fluidics INFO   port volume speed pause direction time_estimate
6           0   0.5   0.0      Wait           1.0
20:34:38,815 Fluidics INFO Fluidics task index 0 saved to C:\GitRepos\pyScope\State\Fluidics_task_idx.txt
20:34:38,815 Fluidics INFO Fluidics tasks file deleted
20:34:38,816 Fluidics INFO Fluidics status updated to: Idle
20:34:38,817 Fluidics INFO Fluidics status updated to: Finished:Valve*[A]*TBS+1
20:34:39,827 Fluidics INFO New Message: Finished:Valve*[A]*TBS+1
20:45:35,274 Fluidics INFO Fluidics status updated to: Stop
20:45:35,307 Fluidics INFO New Message: Stop
20:45:35,308 Fluidics INFO Continuous monitoring stopped by user
20:45:35,311 Fluidics INFO Fluidics status updated to: offline
20:45:35,312 Fluidics INFO Continuous monitoring terminated - status set to offline
20:50:05,541 Fluidics INFO Continuous monitoring started
20:50:05,542 Fluidics INFO New Message: offline
10:35:52,428 Fluidics INFO Fluidics status updated to: Stop
10:35:53,359 Fluidics INFO New Message: Stop
10:35:53,360 Fluidics INFO Continuous monitoring stopped by user
10:35:53,362 Fluidics INFO Fluidics status updated to: offline
10:35:53,363 Fluidics INFO Continuous monitoring terminated - status set to offline
10:35:59,998 Fluidics INFO Continuous monitoring started
10:35:59,998 Fluidics INFO New Message: offline
10:36:24,497 Fluidics INFO Fluidics status updated to: Stop
10:36:25,224 Fluidics INFO New Message: Stop
10:36:25,224 Fluidics INFO Continuous monitoring stopped by user
10:36:25,225 Fluidics INFO Fluidics status updated to: offline
10:36:25,226 Fluidics INFO Continuous monitoring terminated - status set to offline
10:36:26,511 Fluidics INFO Continuous monitoring started
10:36:26,512 Fluidics INFO New Message: offline
10:37:36,320 Fluidics INFO New Message: Command:Valve*[A]*TBS+1
10:37:36,321 Fluidics INFO Interpreting message: Command:Valve*[A]*TBS+1
10:37:36,324 Fluidics INFO Fluidics status updated to: Running:Valve*[A]*TBS+1
10:37:36,355 Fluidics INFO Protocol Summary
10:37:36,358 Fluidics INFO Port: TBS  Total Volume: 1.0mL
10:37:36,359 Fluidics INFO Estimated Total Time: 56s
10:37:36,360 Fluidics INFO Fluidics task index 0 saved to C:\GitRepos\pyScope\State\Fluidics_task_idx.txt
10:37:36,366 Fluidics INFO   port volume speed pause direction time_estimate
0    A      4   0.5     0   Reverse          20.0
10:37:36,375 Fluidics INFO Fluidics state saved to C:\GitRepos\pyScope\State\Fluidics_state.json
10:37:36,375 Fluidics WARNING Error updating state: 'NoneType' object is not callable
10:37:37,491 Fluidics INFO Fluidics state saved to C:\GitRepos\pyScope\State\Fluidics_state.json
10:37:37,491 Fluidics WARNING Error updating state: 'NoneType' object is not callable
10:37:37,492 Fluidics INFO Fluidics state saved to C:\GitRepos\pyScope\State\Fluidics_state.json
10:37:37,492 Fluidics WARNING Error updating state: 'NoneType' object is not callable
10:38:02,267 Fluidics INFO Fluidics state saved to C:\GitRepos\pyScope\State\Fluidics_state.json
10:38:02,268 Fluidics WARNING Error updating state: 'NoneType' object is not callable
10:38:02,269 Fluidics INFO Fluidics task index 1 saved to C:\GitRepos\pyScope\State\Fluidics_task_idx.txt
10:38:02,276 Fluidics INFO     port volume speed pause direction time_estimate
1  Waste      4   0.5     0   Forward          20.0
10:38:02,287 Fluidics INFO Fluidics state saved to C:\GitRepos\pyScope\State\Fluidics_state.json
10:38:02,287 Fluidics WARNING Error updating state: 'NoneType' object is not callable
10:38:03,412 Fluidics INFO Fluidics state saved to C:\GitRepos\pyScope\State\Fluidics_state.json
10:38:03,413 Fluidics WARNING Error updating state: 'NoneType' object is not callable
10:38:04,533 Fluidics INFO Fluidics state saved to C:\GitRepos\pyScope\State\Fluidics_state.json
10:38:04,533 Fluidics WARNING Error updating state: 'NoneType' object is not callable
10:38:04,534 Fluidics INFO Fluidics state saved to C:\GitRepos\pyScope\State\Fluidics_state.json
10:38:04,535 Fluidics WARNING Error updating state: 'NoneType' object is not callable
10:38:29,304 Fluidics INFO Fluidics state saved to C:\GitRepos\pyScope\State\Fluidics_state.json
10:38:29,305 Fluidics WARNING Error updating state: 'NoneType' object is not callable
10:38:29,308 Fluidics INFO Fluidics task index 2 saved to C:\GitRepos\pyScope\State\Fluidics_task_idx.txt
10:38:29,315 Fluidics INFO   port volume speed pause direction time_estimate
2           0   0.5     1      Wait           2.0
10:38:30,334 Fluidics INFO Fluidics task index 3 saved to C:\GitRepos\pyScope\State\Fluidics_task_idx.txt
10:38:30,340 Fluidics INFO   port volume speed pause direction time_estimate
3  TBS    1.0   0.5     0   Reverse          5.75
10:38:30,355 Fluidics INFO Fluidics state saved to C:\GitRepos\pyScope\State\Fluidics_state.json
10:38:30,356 Fluidics WARNING Error updating state: 'NoneType' object is not callable
10:38:31,475 Fluidics INFO Fluidics state saved to C:\GitRepos\pyScope\State\Fluidics_state.json
10:38:31,476 Fluidics WARNING Error updating state: 'NoneType' object is not callable
10:38:31,479 Fluidics INFO Fluidics state saved to C:\GitRepos\pyScope\State\Fluidics_state.json
10:38:31,481 Fluidics WARNING Error updating state: 'NoneType' object is not callable
10:38:38,427 Fluidics INFO Fluidics state saved to C:\GitRepos\pyScope\State\Fluidics_state.json
10:38:38,427 Fluidics WARNING Error updating state: 'NoneType' object is not callable
10:38:38,431 Fluidics INFO Fluidics task index 4 saved to C:\GitRepos\pyScope\State\Fluidics_task_idx.txt
10:38:38,440 Fluidics INFO   port volume speed pause direction time_estimate
4    A    1.0   0.5     0   Forward          5.75
10:38:38,454 Fluidics INFO Fluidics state saved to C:\GitRepos\pyScope\State\Fluidics_state.json
10:38:38,454 Fluidics WARNING Error updating state: 'NoneType' object is not callable
10:38:39,581 Fluidics INFO Fluidics state saved to C:\GitRepos\pyScope\State\Fluidics_state.json
10:38:39,581 Fluidics WARNING Error updating state: 'NoneType' object is not callable
10:38:39,586 Fluidics INFO Fluidics state saved to C:\GitRepos\pyScope\State\Fluidics_state.json
10:38:39,587 Fluidics WARNING Error updating state: 'NoneType' object is not callable
10:38:46,539 Fluidics INFO Fluidics state saved to C:\GitRepos\pyScope\State\Fluidics_state.json
10:38:46,540 Fluidics WARNING Error updating state: 'NoneType' object is not callable
10:38:46,544 Fluidics INFO Fluidics task index 5 saved to C:\GitRepos\pyScope\State\Fluidics_task_idx.txt
10:38:46,551 Fluidics INFO   port volume speed pause direction time_estimate
5           0   0.5     1      Wait           2.0
10:38:47,568 Fluidics INFO Fluidics task index 6 saved to C:\GitRepos\pyScope\State\Fluidics_task_idx.txt
10:38:47,579 Fluidics INFO   port volume speed pause direction time_estimate
6           0   0.5   0.0      Wait           1.0
10:38:47,588 Fluidics INFO Fluidics task index 0 saved to C:\GitRepos\pyScope\State\Fluidics_task_idx.txt
10:38:47,588 Fluidics INFO Fluidics tasks file deleted
10:38:47,589 Fluidics INFO Fluidics status updated to: Idle
10:38:47,590 Fluidics INFO Fluidics status updated to: Finished:Valve*[A]*TBS+1
10:38:47,637 Fluidics INFO Fluidics status updated to: Command:Valve*[A]*TBS+1
10:38:48,599 Fluidics INFO Interpreting message: Command:Valve*[A]*TBS+1
10:38:48,601 Fluidics INFO Fluidics status updated to: Running:Valve*[A]*TBS+1
10:38:48,647 Fluidics INFO Protocol Summary
10:38:48,648 Fluidics INFO Port: TBS  Total Volume: 1.0mL
10:38:48,650 Fluidics INFO Estimated Total Time: 56s
10:38:48,651 Fluidics INFO Fluidics task index 0 saved to C:\GitRepos\pyScope\State\Fluidics_task_idx.txt
10:38:48,657 Fluidics INFO   port volume speed pause direction time_estimate
0    A      4   0.5     0   Reverse          20.0
10:38:48,666 Fluidics INFO Fluidics state saved to C:\GitRepos\pyScope\State\Fluidics_state.json
10:38:48,666 Fluidics WARNING Error updating state: 'NoneType' object is not callable
10:38:49,783 Fluidics INFO Fluidics state saved to C:\GitRepos\pyScope\State\Fluidics_state.json
10:38:49,784 Fluidics WARNING Error updating state: 'NoneType' object is not callable
10:38:49,784 Fluidics INFO Fluidics state saved to C:\GitRepos\pyScope\State\Fluidics_state.json
10:38:49,785 Fluidics WARNING Error updating state: 'NoneType' object is not callable
10:39:14,559 Fluidics INFO Fluidics state saved to C:\GitRepos\pyScope\State\Fluidics_state.json
10:39:14,560 Fluidics WARNING Error updating state: 'NoneType' object is not callable
10:39:14,562 Fluidics INFO Fluidics task index 1 saved to C:\GitRepos\pyScope\State\Fluidics_task_idx.txt
10:39:14,568 Fluidics INFO     port volume speed pause direction time_estimate
1  Waste      4   0.5     0   Forward          20.0
10:39:14,576 Fluidics INFO Fluidics state saved to C:\GitRepos\pyScope\State\Fluidics_state.json
10:39:14,576 Fluidics WARNING Error updating state: 'NoneType' object is not callable
10:39:15,696 Fluidics INFO Fluidics state saved to C:\GitRepos\pyScope\State\Fluidics_state.json
10:39:15,697 Fluidics WARNING Error updating state: 'NoneType' object is not callable
10:39:16,817 Fluidics INFO Fluidics state saved to C:\GitRepos\pyScope\State\Fluidics_state.json
10:39:16,817 Fluidics WARNING Error updating state: 'NoneType' object is not callable
10:39:16,820 Fluidics INFO Fluidics state saved to C:\GitRepos\pyScope\State\Fluidics_state.json
10:39:16,820 Fluidics WARNING Error updating state: 'NoneType' object is not callable
10:39:41,586 Fluidics INFO Fluidics state saved to C:\GitRepos\pyScope\State\Fluidics_state.json
10:39:41,587 Fluidics WARNING Error updating state: 'NoneType' object is not callable
10:39:41,587 Fluidics INFO Fluidics task index 2 saved to C:\GitRepos\pyScope\State\Fluidics_task_idx.txt
10:39:41,593 Fluidics INFO   port volume speed pause direction time_estimate
2           0   0.5     1      Wait           2.0
10:39:42,615 Fluidics INFO Fluidics task index 3 saved to C:\GitRepos\pyScope\State\Fluidics_task_idx.txt
10:39:42,621 Fluidics INFO   port volume speed pause direction time_estimate
3  TBS    1.0   0.5     0   Reverse          5.75
10:39:42,630 Fluidics INFO Fluidics state saved to C:\GitRepos\pyScope\State\Fluidics_state.json
10:39:42,630 Fluidics WARNING Error updating state: 'NoneType' object is not callable
10:39:43,750 Fluidics INFO Fluidics state saved to C:\GitRepos\pyScope\State\Fluidics_state.json
10:39:43,750 Fluidics WARNING Error updating state: 'NoneType' object is not callable
10:39:43,752 Fluidics INFO Fluidics state saved to C:\GitRepos\pyScope\State\Fluidics_state.json
10:39:43,752 Fluidics WARNING Error updating state: 'NoneType' object is not callable
10:39:50,707 Fluidics INFO Fluidics state saved to C:\GitRepos\pyScope\State\Fluidics_state.json
10:39:50,707 Fluidics WARNING Error updating state: 'NoneType' object is not callable
10:39:50,709 Fluidics INFO Fluidics task index 4 saved to C:\GitRepos\pyScope\State\Fluidics_task_idx.txt
10:39:50,717 Fluidics INFO   port volume speed pause direction time_estimate
4    A    1.0   0.5     0   Forward          5.75
10:39:50,727 Fluidics INFO Fluidics state saved to C:\GitRepos\pyScope\State\Fluidics_state.json
10:39:50,727 Fluidics WARNING Error updating state: 'NoneType' object is not callable
10:39:51,846 Fluidics INFO Fluidics state saved to C:\GitRepos\pyScope\State\Fluidics_state.json
10:39:51,847 Fluidics WARNING Error updating state: 'NoneType' object is not callable
10:39:51,850 Fluidics INFO Fluidics state saved to C:\GitRepos\pyScope\State\Fluidics_state.json
10:39:51,850 Fluidics WARNING Error updating state: 'NoneType' object is not callable
10:39:58,809 Fluidics INFO Fluidics state saved to C:\GitRepos\pyScope\State\Fluidics_state.json
10:39:58,810 Fluidics WARNING Error updating state: 'NoneType' object is not callable
10:39:58,811 Fluidics INFO Fluidics task index 5 saved to C:\GitRepos\pyScope\State\Fluidics_task_idx.txt
10:39:58,818 Fluidics INFO   port volume speed pause direction time_estimate
5           0   0.5     1      Wait           2.0
10:39:59,837 Fluidics INFO Fluidics task index 6 saved to C:\GitRepos\pyScope\State\Fluidics_task_idx.txt
10:39:59,845 Fluidics INFO   port volume speed pause direction time_estimate
6           0   0.5   0.0      Wait           1.0
10:39:59,855 Fluidics INFO Fluidics task index 0 saved to C:\GitRepos\pyScope\State\Fluidics_task_idx.txt
10:39:59,855 Fluidics INFO Fluidics tasks file deleted
10:39:59,856 Fluidics INFO Fluidics status updated to: Idle
10:39:59,856 Fluidics INFO Fluidics status updated to: Finished:Valve*[A]*TBS+1
10:40:00,867 Fluidics INFO New Message: Finished:Valve*[A]*TBS+1
