13:43:05,463 Scope INFO Scope status updated to: Idle
13:43:17,695 Scope INFO Scope status updated to: Idle
13:51:48,393 Scope INFO Scope status updated to: Idle
13:52:04,211 Scope INFO Scope status updated to: Idle
13:52:04,222 Scope INFO Scope status updated to: Idle
13:52:04,223 Scope INFO Scope status updated to: Idle
14:10:17,957 Scope INFO Scope status updated to: Idle
14:10:20,275 Scope INFO Scope status updated to: Idle
14:10:20,288 Scope INFO Scope status updated to: Idle
14:10:20,289 Scope INFO Scope status updated to: Idle
14:13:02,176 Scope INFO Scope status updated to: Idle
14:28:48,980 Scope INFO Scope status updated to: Idle
14:37:08,973 Scope INFO Scope status updated to: Idle
14:37:16,113 Scope INFO Scope status updated to: Idle
14:39:04,780 Scope INFO Scope status updated to: Idle
14:39:04,786 Scope INFO Scope status updated to: Idle
14:39:04,919 Scope INFO Scope status updated to: Idle
14:40:18,334 Scope INFO Scope status updated to: Idle
14:50:17,519 Scope INFO Scope status updated to: Idle
14:50:17,523 Scope INFO Scope status updated to: Idle
14:50:17,670 Scope INFO Scope status updated to: Idle
14:50:22,626 Scope INFO Scope status updated to: Idle
14:54:01,958 Scope INFO Scope status updated to: Idle
14:54:01,963 Scope INFO Scope status updated to: Idle
14:54:02,94 Scope INFO Scope status updated to: Idle
14:54:12,899 Scope INFO Scope status updated to: Idle
14:56:22,77 Scope INFO Scope status updated to: Idle
14:56:22,82 Scope INFO Scope status updated to: Idle
14:56:22,218 Scope INFO Scope status updated to: Idle
14:56:32,461 Scope INFO Scope status updated to: Idle
14:57:08,922 Scope INFO Scope status updated to: Idle
14:57:08,928 Scope INFO Scope status updated to: Idle
14:57:09,61 Scope INFO Scope status updated to: Idle
14:57:19,26 Scope INFO Scope status updated to: Idle
14:57:19,42 Scope INFO Scope status updated to: Idle
14:57:19,43 Scope INFO Scope status updated to: Idle
14:57:27,508 Scope INFO Scope status updated to: Idle
14:59:08,65 Scope INFO Scope status updated to: Idle
14:59:08,72 Scope INFO Scope status updated to: Idle
14:59:08,213 Scope INFO Scope status updated to: Idle
15:15:38,890 Scope INFO Scope status updated to: Idle
15:15:38,895 Scope INFO Scope status updated to: Idle
15:15:39,38 Scope INFO Scope status updated to: Idle
15:23:01,11 Scope INFO Scope status updated to: Idle
15:23:01,15 Scope INFO Scope status updated to: Idle
15:23:01,161 Scope INFO Scope status updated to: Idle
15:24:09,205 Scope INFO Scope status updated to: Idle
15:24:09,210 Scope INFO Scope status updated to: Idle
15:24:09,347 Scope INFO Scope status updated to: Idle
15:25:10,258 Scope INFO Scope status updated to: Idle
15:25:10,267 Scope INFO Scope status updated to: Idle
15:25:10,267 Scope INFO Scope status updated to: Idle
15:26:24,390 Scope INFO Scope status updated to: Idle
15:26:24,399 Scope INFO Scope status updated to: Idle
15:26:24,533 Scope INFO Scope status updated to: Idle
15:29:16,96 Scope INFO Scope status updated to: Idle
15:29:16,111 Scope INFO Scope status updated to: Idle
15:29:16,112 Scope INFO Scope status updated to: Idle
15:34:42,723 Scope INFO Scope status updated to: Idle
15:34:42,728 Scope INFO Scope status updated to: Idle
15:34:42,872 Scope INFO Scope status updated to: Idle
15:35:45,949 Scope INFO Scope status updated to: Idle
15:39:08,317 Scope INFO Scope status updated to: Idle
15:39:08,321 Scope INFO Scope status updated to: Idle
15:39:08,462 Scope INFO Scope status updated to: Idle
15:39:50,991 Scope INFO Scope status updated to: Idle
15:41:27,187 Scope INFO Scope status updated to: Idle
15:41:27,192 Scope INFO Scope status updated to: Idle
15:41:27,338 Scope INFO Scope status updated to: Idle
15:41:37,211 Scope INFO Scope status updated to: Idle
15:46:48,505 Scope INFO Scope status updated to: Idle
15:46:48,511 Scope INFO Scope status updated to: Idle
15:46:48,645 Scope INFO Scope status updated to: Idle
15:50:58,565 Scope INFO Scope status updated to: Idle
15:50:58,569 Scope INFO Scope status updated to: Idle
15:50:58,724 Scope INFO Scope status updated to: Idle
15:54:59,940 Scope INFO Scope status updated to: Idle
15:54:59,946 Scope INFO Scope status updated to: Idle
15:55:00,91 Scope INFO Scope status updated to: Idle
15:55:02,177 Scope INFO Scope status updated to: Idle
15:55:02,191 Scope INFO Scope status updated to: Idle
15:55:02,192 Scope INFO Scope status updated to: Idle
15:56:05,130 Scope INFO Scope status updated to: Idle
15:56:05,137 Scope INFO Scope status updated to: Idle
15:56:05,272 Scope INFO Scope status updated to: Idle
15:56:26,716 Scope INFO Scope status updated to: Idle
15:59:20,930 Scope INFO Scope status updated to: Idle
15:59:20,936 Scope INFO Scope status updated to: Idle
15:59:21,72 Scope INFO Scope status updated to: Idle
15:59:22,850 Scope INFO Scope status updated to: Idle
15:59:22,864 Scope INFO Scope status updated to: Idle
15:59:22,865 Scope INFO Scope status updated to: Idle
15:59:32,37 Scope INFO Scope status updated to: Idle
16:04:31,178 Scope INFO Scope status updated to: Idle
16:04:31,184 Scope INFO Scope status updated to: Idle
16:04:31,314 Scope INFO Scope status updated to: Idle
16:04:36,23 Scope INFO Scope status updated to: Idle
16:04:36,36 Scope INFO Scope status updated to: Idle
16:04:36,37 Scope INFO Scope status updated to: Idle
16:05:54,91 Scope INFO Scope status updated to: Idle
16:05:54,96 Scope INFO Scope status updated to: Idle
16:05:54,228 Scope INFO Scope status updated to: Idle
16:05:58,361 Scope INFO Scope status updated to: Idle
16:05:58,373 Scope INFO Scope status updated to: Idle
16:05:58,374 Scope INFO Scope status updated to: Idle
16:06:12,178 Scope INFO Scope status updated to: Idle
16:06:58,632 Scope INFO Scope status updated to: Idle
16:06:58,639 Scope INFO Scope status updated to: Idle
16:06:58,772 Scope INFO Scope status updated to: Idle
16:07:00,454 Scope INFO Scope status updated to: Idle
16:07:00,467 Scope INFO Scope status updated to: Idle
16:07:00,468 Scope INFO Scope status updated to: Idle
16:07:11,247 Scope INFO Scope status updated to: Idle
16:08:08,78 Scope INFO Scope status updated to: Idle
16:08:08,83 Scope INFO Scope status updated to: Idle
16:08:08,223 Scope INFO Scope status updated to: Idle
16:08:09,855 Scope INFO Scope status updated to: Idle
16:08:09,867 Scope INFO Scope status updated to: Idle
16:08:09,868 Scope INFO Scope status updated to: Idle
16:08:25,577 Scope INFO Scope status updated to: Idle
16:08:25,588 Scope INFO Scope status updated to: Idle
16:08:25,588 Scope INFO Scope status updated to: Idle
16:08:27,792 Scope INFO Scope status updated to: Idle
16:14:18,925 Scope INFO Scope status updated to: Idle
16:14:18,931 Scope INFO Scope status updated to: Idle
16:14:19,164 Scope INFO Scope status updated to: Idle
16:14:24,544 Scope INFO Scope status updated to: Idle
16:14:24,552 Scope INFO Scope status updated to: Idle
16:14:24,553 Scope INFO Scope status updated to: Idle
16:14:58,487 Scope INFO Scope status updated to: Idle
16:15:03,28 Scope INFO Scope status updated to: Idle
16:15:03,33 Scope INFO Scope status updated to: Idle
16:15:03,168 Scope INFO Scope status updated to: Idle
16:15:06,694 Scope INFO Scope status updated to: Idle
16:15:06,711 Scope INFO Scope status updated to: Idle
16:15:06,712 Scope INFO Scope status updated to: Idle
16:15:22,580 Scope INFO Scope status updated to: Idle
16:15:22,592 Scope INFO Scope status updated to: Idle
16:15:22,592 Scope INFO Scope status updated to: Idle
16:15:26,452 Scope INFO Scope status updated to: Idle
16:32:02,84 Scope INFO Scope status updated to: Idle
16:32:02,90 Scope INFO Scope status updated to: Idle
16:32:02,230 Scope INFO Scope status updated to: Idle
16:46:44,569 Scope INFO Scope status updated to: Idle
16:46:44,573 Scope INFO Scope status updated to: Idle
16:46:44,717 Scope INFO Scope status updated to: Idle
16:46:52,829 Scope INFO Scope status updated to: Idle
16:46:52,843 Scope INFO Scope status updated to: Idle
16:46:52,843 Scope INFO Scope status updated to: Idle
16:47:08,617 Scope INFO Scope status updated to: Idle
16:47:08,629 Scope INFO Scope status updated to: Idle
16:47:08,630 Scope INFO Scope status updated to: Idle
16:47:16,352 Scope INFO Scope status updated to: Idle
16:47:16,361 Scope INFO Scope status updated to: Idle
16:47:16,361 Scope INFO Scope status updated to: Idle
16:47:17,865 Scope INFO Scope status updated to: Idle
16:50:12,839 Scope INFO Scope status updated to: Idle
16:50:12,845 Scope INFO Scope status updated to: Idle
16:50:12,982 Scope INFO Scope status updated to: Idle
16:53:06,814 Scope INFO Scope status updated to: Idle
16:53:06,819 Scope INFO Scope status updated to: Idle
16:53:06,951 Scope INFO Scope status updated to: Idle
16:53:13,129 Scope INFO Scope status updated to: Idle
16:53:13,140 Scope INFO Scope status updated to: Idle
16:53:13,141 Scope INFO Scope status updated to: Idle
16:57:36,385 Scope INFO Scope status updated to: Idle
16:57:36,390 Scope INFO Scope status updated to: Idle
16:57:36,527 Scope INFO Scope status updated to: Idle
16:59:24,972 Scope INFO Scope status updated to: Idle
16:59:24,976 Scope INFO Scope status updated to: Idle
16:59:25,113 Scope INFO Scope status updated to: Idle
17:00:58,230 Scope INFO Scope status updated to: Idle
17:00:58,235 Scope INFO Scope status updated to: Idle
17:00:58,371 Scope INFO Scope status updated to: Idle
17:01:00,329 Scope INFO Scope status updated to: Idle
17:01:00,344 Scope INFO Scope status updated to: Idle
17:01:00,345 Scope INFO Scope status updated to: Idle
17:03:24,110 Scope INFO Scope status updated to: Idle
17:03:24,115 Scope INFO Scope status updated to: Idle
17:03:24,254 Scope INFO Scope status updated to: Idle
17:03:26,236 Scope INFO Scope status updated to: Idle
17:03:26,247 Scope INFO Scope status updated to: Idle
17:03:26,248 Scope INFO Scope status updated to: Idle
17:04:51,69 Scope INFO Scope status updated to: Idle
10:01:46,130 Scope INFO Scope status updated to: Idle
10:01:46,136 Scope INFO Scope status updated to: Idle
10:01:46,276 Scope INFO Scope status updated to: Idle
10:02:11,27 Scope INFO Scope status updated to: Idle
10:02:11,33 Scope INFO Scope status updated to: Idle
10:02:11,175 Scope INFO Scope status updated to: Idle
10:04:53,730 Scope INFO Scope status updated to: Idle
10:06:21,969 Scope INFO Scope status updated to: Idle
10:06:21,977 Scope INFO Scope status updated to: Idle
10:06:22,556 Scope INFO Scope status updated to: Idle
10:26:07,225 Scope INFO Scope status updated to: Idle
10:26:07,237 Scope INFO Scope status updated to: Idle
10:26:07,238 Scope INFO Scope status updated to: Idle
10:29:01,410 Scope INFO Scope status updated to: Idle
10:29:01,415 Scope INFO Scope status updated to: Idle
10:29:01,588 Scope INFO Scope status updated to: Idle
10:29:27,544 Scope INFO Scope status updated to: Idle
10:29:27,551 Scope INFO Scope status updated to: Idle
10:29:27,690 Scope INFO Scope status updated to: Idle
10:31:51,342 Scope INFO Scope status updated to: Idle
10:31:54,732 Scope INFO Scope status updated to: Idle
10:31:54,739 Scope INFO Scope status updated to: Idle
10:31:54,883 Scope INFO Scope status updated to: Idle
10:33:04,916 Scope INFO Scope status updated to: Idle
10:33:09,905 Scope INFO Scope status updated to: Idle
10:33:09,910 Scope INFO Scope status updated to: Idle
10:33:10,60 Scope INFO Scope status updated to: Idle
10:34:18,982 Scope INFO Scope status updated to: Idle
10:34:23,89 Scope INFO Scope status updated to: Idle
10:34:23,95 Scope INFO Scope status updated to: Idle
10:34:23,230 Scope INFO Scope status updated to: Idle
10:35:44,107 Scope INFO Scope status updated to: Idle
10:35:47,720 Scope INFO Scope status updated to: Idle
10:35:47,725 Scope INFO Scope status updated to: Idle
10:35:47,881 Scope INFO Scope status updated to: Idle
10:36:36,633 Scope INFO Scope status updated to: Idle
10:36:40,849 Scope INFO Scope status updated to: Idle
10:36:40,854 Scope INFO Scope status updated to: Idle
10:36:40,990 Scope INFO Scope status updated to: Idle
10:37:37,726 Scope INFO Scope status updated to: Idle
10:38:09,348 Scope INFO Scope status updated to: Idle
10:38:09,356 Scope INFO Scope status updated to: Idle
10:38:09,501 Scope INFO Scope status updated to: Idle
10:39:23,505 Scope INFO Scope status updated to: Idle
10:39:26,646 Scope INFO Scope status updated to: Idle
10:39:26,653 Scope INFO Scope status updated to: Idle
10:39:26,793 Scope INFO Scope status updated to: Idle
10:42:19,561 Scope INFO Scope status updated to: Idle
10:42:22,342 Scope INFO Scope status updated to: Idle
10:42:22,346 Scope INFO Scope status updated to: Idle
10:42:22,478 Scope INFO Scope status updated to: Idle
10:42:34,626 Scope INFO Scope status updated to: Idle
10:43:15,22 Scope INFO Scope status updated to: Idle
10:43:15,27 Scope INFO Scope status updated to: Idle
10:43:15,162 Scope INFO Scope status updated to: Idle
10:43:50,475 Scope INFO Scope status updated to: Idle
10:43:53,141 Scope INFO Scope status updated to: Idle
10:43:53,147 Scope INFO Scope status updated to: Idle
10:43:53,278 Scope INFO Scope status updated to: Idle
10:44:13,85 Scope INFO Scope status updated to: Idle
10:45:12,340 Scope INFO Scope status updated to: Idle
10:45:12,347 Scope INFO Scope status updated to: Idle
10:45:12,477 Scope INFO Scope status updated to: Idle
11:00:51,332 Scope INFO Scope status updated to: Idle
11:00:59,750 Scope INFO Scope status updated to: Idle
11:00:59,755 Scope INFO Scope status updated to: Idle
11:00:59,891 Scope INFO Scope status updated to: Idle
11:02:54,664 Scope INFO Scope status updated to: Idle
11:03:14,565 Scope INFO Scope status updated to: Idle
11:03:14,570 Scope INFO Scope status updated to: Idle
11:03:14,704 Scope INFO Scope status updated to: Idle
11:04:27,203 Scope INFO Scope status updated to: Idle
11:04:31,191 Scope INFO Scope status updated to: Idle
11:04:31,196 Scope INFO Scope status updated to: Idle
11:04:31,337 Scope INFO Scope status updated to: Idle
11:06:26,310 Scope INFO Scope status updated to: Idle
11:07:57,429 Scope INFO Scope status updated to: Idle
11:07:57,437 Scope INFO Scope status updated to: Idle
11:07:57,576 Scope INFO Scope status updated to: Idle
11:08:00,303 Scope INFO Scope status updated to: Idle
11:08:00,318 Scope INFO Scope status updated to: Idle
11:08:00,318 Scope INFO Scope status updated to: Idle
11:09:28,466 Scope INFO Scope status updated to: Idle
11:10:23,476 Scope INFO Scope status updated to: Idle
11:10:23,480 Scope INFO Scope status updated to: Idle
11:10:23,627 Scope INFO Scope status updated to: Idle
11:10:58,418 Scope INFO Scope status updated to: Idle
11:11:03,607 Scope INFO Scope status updated to: Idle
11:11:03,611 Scope INFO Scope status updated to: Idle
11:11:03,744 Scope INFO Scope status updated to: Idle
11:12:13,331 Scope INFO Scope status updated to: Idle
11:12:16,65 Scope INFO Scope status updated to: Idle
11:12:16,70 Scope INFO Scope status updated to: Idle
11:12:16,208 Scope INFO Scope status updated to: Idle
11:13:28,285 Scope INFO Scope status updated to: Idle
11:13:32,396 Scope INFO Scope status updated to: Idle
11:13:32,403 Scope INFO Scope status updated to: Idle
11:13:32,535 Scope INFO Scope status updated to: Idle
11:14:55,4 Scope INFO Scope status updated to: Idle
11:14:57,834 Scope INFO Scope status updated to: Idle
11:14:57,839 Scope INFO Scope status updated to: Idle
11:14:57,986 Scope INFO Scope status updated to: Idle
11:18:39,302 Scope INFO Scope status updated to: Idle
11:18:42,672 Scope INFO Scope status updated to: Idle
11:18:42,677 Scope INFO Scope status updated to: Idle
11:18:42,808 Scope INFO Scope status updated to: Idle
11:20:54,312 Scope INFO Scope status updated to: Idle
11:20:56,895 Scope INFO Scope status updated to: Idle
11:20:56,901 Scope INFO Scope status updated to: Idle
11:20:57,40 Scope INFO Scope status updated to: Idle
11:22:12,604 Scope INFO Scope status updated to: Idle
11:22:15,392 Scope INFO Scope status updated to: Idle
11:22:15,397 Scope INFO Scope status updated to: Idle
11:22:15,539 Scope INFO Scope status updated to: Idle
11:24:11,52 Scope INFO Scope status updated to: Idle
11:24:15,576 Scope INFO Scope status updated to: Idle
11:24:15,583 Scope INFO Scope status updated to: Idle
11:24:15,732 Scope INFO Scope status updated to: Idle
11:26:12,506 Scope INFO Scope status updated to: Idle
11:26:15,399 Scope INFO Scope status updated to: Idle
11:26:15,404 Scope INFO Scope status updated to: Idle
11:26:15,541 Scope INFO Scope status updated to: Idle
11:28:07,214 Scope INFO Scope status updated to: Idle
11:28:07,229 Scope INFO Scope status updated to: Idle
11:28:07,229 Scope INFO Scope status updated to: Idle
11:28:15,504 Scope INFO Scope status updated to: Idle
11:28:59,273 Scope INFO Scope status updated to: Idle
11:28:59,278 Scope INFO Scope status updated to: Idle
11:28:59,414 Scope INFO Scope status updated to: Idle
11:30:29,981 Scope INFO Scope status updated to: Idle
11:30:29,994 Scope INFO Scope status updated to: Idle
11:30:29,994 Scope INFO Scope status updated to: Idle
11:32:52,743 Scope INFO Scope status updated to: Idle
11:32:55,887 Scope INFO Scope status updated to: Idle
11:32:55,891 Scope INFO Scope status updated to: Idle
11:32:56,34 Scope INFO Scope status updated to: Idle
11:32:59,162 Scope INFO Scope status updated to: Idle
11:32:59,178 Scope INFO Scope status updated to: Idle
11:32:59,178 Scope INFO Scope status updated to: Idle
11:33:44,689 Scope INFO Scope status updated to: Idle
11:33:48,318 Scope INFO Scope status updated to: Idle
11:33:48,324 Scope INFO Scope status updated to: Idle
11:33:48,470 Scope INFO Scope status updated to: Idle
11:33:50,383 Scope INFO Scope status updated to: Idle
11:33:50,397 Scope INFO Scope status updated to: Idle
11:33:50,398 Scope INFO Scope status updated to: Idle
11:45:51,885 Scope INFO Scope status updated to: Idle
11:45:56,588 Scope INFO Scope status updated to: Idle
11:45:56,593 Scope INFO Scope status updated to: Idle
11:45:56,739 Scope INFO Scope status updated to: Idle
11:48:48,379 Scope INFO Scope status updated to: Idle
11:48:48,385 Scope INFO Scope status updated to: Idle
11:48:48,638 Scope INFO Scope status updated to: Idle
11:49:18,797 Scope INFO Scope status updated to: Idle
11:49:25,533 Scope INFO Scope status updated to: Stop
11:52:12,366 Scope INFO Scope status updated to: Idle
11:52:12,379 Scope INFO Scope status updated to: Idle
11:52:12,380 Scope INFO Scope status updated to: Idle
11:52:44,950 Scope INFO Scope status updated to: Idle
11:52:44,955 Scope INFO Scope status updated to: Idle
11:52:45,103 Scope INFO Scope status updated to: Idle
11:53:49,106 Scope INFO Scope status updated to: Idle
11:56:24,675 Scope INFO Scope status updated to: Idle
11:56:24,682 Scope INFO Scope status updated to: Idle
11:56:24,821 Scope INFO Scope status updated to: Idle
11:56:38,521 Scope INFO Scope status updated to: Idle
11:56:38,528 Scope INFO Scope status updated to: Idle
11:56:38,675 Scope INFO Scope status updated to: Idle
11:56:51,433 Scope INFO Scope status updated to: Idle
11:57:34,283 Scope INFO Scope status updated to: Idle
11:57:34,288 Scope INFO Scope status updated to: Idle
11:57:34,437 Scope INFO Scope status updated to: Idle
11:58:03,47 Scope INFO Scope status updated to: Idle
11:58:03,52 Scope INFO Scope status updated to: Idle
11:58:03,192 Scope INFO Scope status updated to: Idle
11:58:25,161 Scope INFO Scope status updated to: Idle
11:58:25,167 Scope INFO Scope status updated to: Idle
11:58:25,338 Scope INFO Scope status updated to: Idle
11:58:27,446 Scope INFO Scope status updated to: Idle
11:58:30,11 Scope INFO Scope status updated to: Idle
11:58:55,838 Scope INFO Scope status updated to: Idle
11:58:55,843 Scope INFO Scope status updated to: Idle
11:58:55,973 Scope INFO Scope status updated to: Idle
11:59:31,477 Scope INFO Scope status updated to: Idle
11:59:31,481 Scope INFO Scope status updated to: Idle
11:59:31,620 Scope INFO Scope status updated to: Idle
12:00:28,820 Scope INFO Scope status updated to: Idle
12:00:28,824 Scope INFO Scope status updated to: Idle
12:00:28,961 Scope INFO Scope status updated to: Idle
12:02:20,832 Scope INFO Scope status updated to: Idle
12:02:20,836 Scope INFO Scope status updated to: Idle
12:02:20,988 Scope INFO Scope status updated to: Idle
12:02:37,61 Scope INFO Scope status updated to: Idle
12:07:07,786 Scope INFO Scope status updated to: Idle
12:07:07,797 Scope INFO Scope status updated to: Idle
12:07:07,948 Scope INFO Scope status updated to: Idle
12:12:29,472 Scope INFO Scope status updated to: Idle
12:12:32,767 Scope INFO Scope status updated to: Idle
12:12:32,772 Scope INFO Scope status updated to: Idle
12:12:32,912 Scope INFO Scope status updated to: Idle
12:13:03,649 Scope INFO Scope status updated to: Idle
12:13:03,654 Scope INFO Scope status updated to: Idle
12:13:03,800 Scope INFO Scope status updated to: Idle
12:17:17,804 Scope INFO Scope status updated to: Idle
12:17:17,810 Scope INFO Scope status updated to: Idle
12:17:17,943 Scope INFO Scope status updated to: Idle
12:17:50,272 Scope INFO Scope status updated to: Idle
12:17:50,273 Scope INFO Scope status updated to: Idle
12:17:54,335 Scope INFO Scope status updated to: Stop
12:18:00,687 Scope INFO Scope status updated to: Idle
12:18:00,688 Scope INFO Scope status updated to: Idle
12:18:04,308 Scope INFO Scope status updated to: Stop
12:18:07,100 Scope INFO Scope status updated to: Idle
12:20:03,40 Scope INFO Scope status updated to: Idle
12:20:03,45 Scope INFO Scope status updated to: Idle
12:20:03,181 Scope INFO Scope status updated to: Idle
12:40:47,849 Scope INFO Scope status updated to: Idle
12:40:47,854 Scope INFO Scope status updated to: Idle
12:40:47,994 Scope INFO Scope status updated to: Idle
12:41:53,925 Scope INFO Scope status updated to: Idle
12:50:13,264 Scope INFO Scope status updated to: Idle
12:50:13,268 Scope INFO Scope status updated to: Idle
12:50:13,409 Scope INFO Scope status updated to: Idle
12:50:28,926 Scope INFO Scope status updated to: Idle
12:50:31,747 Scope INFO Scope status updated to: Idle
12:50:31,751 Scope INFO Scope status updated to: Idle
12:50:31,884 Scope INFO Scope status updated to: Idle
12:51:17,455 Scope INFO Scope status updated to: Idle
12:51:20,225 Scope INFO Scope status updated to: Idle
12:51:20,230 Scope INFO Scope status updated to: Idle
12:51:20,435 Scope INFO Scope status updated to: Idle
12:51:53,453 Scope INFO Scope status updated to: Idle
12:51:56,409 Scope INFO Scope status updated to: Idle
12:51:56,416 Scope INFO Scope status updated to: Idle
12:51:56,558 Scope INFO Scope status updated to: Idle
12:52:09,197 Scope INFO Scope status updated to: Idle
12:57:30,591 Scope INFO Scope status updated to: Idle
12:57:30,599 Scope INFO Scope status updated to: Idle
12:57:30,734 Scope INFO Scope status updated to: Idle
12:57:32,385 Scope INFO Scope status updated to: Idle
12:57:32,398 Scope INFO Scope status updated to: Idle
12:57:32,399 Scope INFO Scope status updated to: Idle
12:57:44,357 Scope INFO Scope status updated to: Idle
12:58:47,643 Scope INFO Scope status updated to: Idle
12:58:47,648 Scope INFO Scope status updated to: Idle
12:58:47,785 Scope INFO Scope status updated to: Idle
12:58:57,487 Scope INFO Scope status updated to: Idle
13:00:19,858 Scope INFO Scope status updated to: Idle
13:00:19,863 Scope INFO Scope status updated to: Idle
13:00:19,996 Scope INFO Scope status updated to: Idle
13:00:31,994 Scope INFO Scope status updated to: Idle
13:02:25,629 Scope INFO Scope status updated to: Idle
13:02:25,636 Scope INFO Scope status updated to: Idle
13:02:25,835 Scope INFO Scope status updated to: Idle
13:02:31,142 Scope INFO Scope status updated to: Idle
13:02:31,155 Scope INFO Scope status updated to: Idle
13:02:31,156 Scope INFO Scope status updated to: Idle
13:02:48,495 Scope INFO Scope status updated to: Idle
13:24:52,230 Scope INFO Scope initialization
13:24:52,276 Scope INFO Micro-Manager core connection established
13:24:52,278 Scope INFO Scope status updated to: Idle
13:24:52,279 Scope INFO Scope initialization complete
13:24:52,279 Scope INFO CyanScope initialization complete
13:24:52,284 Scope INFO Scope initialization
13:24:52,286 Scope INFO Scope status updated to: Idle
13:24:52,286 Scope INFO Scope initialization complete
13:24:52,286 Scope INFO CyanScope initialization complete
13:24:52,419 Scope INFO Scope initialization
13:24:52,424 Scope INFO Micro-Manager core connection established
13:24:52,427 Scope INFO Scope status updated to: Idle
13:24:52,428 Scope INFO Scope initialization complete
13:24:55,752 Scope INFO Stopping autonomous monitoring
13:24:55,754 Scope INFO Scope status updated to: Idle
13:25:32,409 Scope INFO Scope initialization
13:25:32,456 Scope INFO Micro-Manager core connection established
13:25:32,459 Scope INFO Scope status updated to: Idle
13:25:32,459 Scope INFO Scope initialization complete
13:25:32,459 Scope INFO CyanScope initialization complete
13:25:32,464 Scope INFO Scope initialization
13:25:32,466 Scope INFO Scope status updated to: Idle
13:25:32,466 Scope INFO Scope initialization complete
13:25:32,467 Scope INFO CyanScope initialization complete
13:25:32,657 Scope INFO Scope initialization
13:25:32,677 Scope INFO Micro-Manager core connection established
13:25:32,680 Scope INFO Scope status updated to: Idle
13:25:32,680 Scope INFO Scope initialization complete
13:26:51,954 Scope INFO Stopping autonomous monitoring
13:26:51,956 Scope INFO Scope status updated to: Idle
13:26:55,226 Scope INFO Scope initialization
13:26:55,270 Scope INFO Micro-Manager core connection established
13:26:55,272 Scope INFO Scope status updated to: Idle
13:26:55,272 Scope INFO Scope initialization complete
13:26:55,273 Scope INFO CyanScope initialization complete
13:26:55,279 Scope INFO Scope initialization
13:26:55,281 Scope INFO Scope status updated to: Idle
13:26:55,282 Scope INFO Scope initialization complete
13:26:55,282 Scope INFO CyanScope initialization complete
13:26:55,419 Scope INFO Scope initialization
13:26:55,422 Scope INFO Micro-Manager core connection established
13:26:55,424 Scope INFO Scope status updated to: Idle
13:26:55,424 Scope INFO Scope initialization complete
13:27:11,141 Scope INFO Stopping autonomous monitoring
13:27:11,143 Scope INFO Scope status updated to: Idle
13:27:15,387 Scope INFO Scope initialization
13:27:15,439 Scope INFO Micro-Manager core connection established
13:27:15,441 Scope INFO Scope status updated to: Idle
13:27:15,441 Scope INFO Scope initialization complete
13:27:15,442 Scope INFO CyanScope initialization complete
13:27:15,447 Scope INFO Scope initialization
13:27:15,451 Scope INFO Scope status updated to: Idle
13:27:15,451 Scope INFO Scope initialization complete
13:27:15,452 Scope INFO CyanScope initialization complete
13:27:15,581 Scope INFO Scope initialization
13:27:15,584 Scope INFO Micro-Manager core connection established
13:27:15,587 Scope INFO Scope status updated to: Idle
13:27:15,587 Scope INFO Scope initialization complete
13:27:29,840 Scope INFO Scope status updated to: Idle
13:27:29,850 Scope INFO Stopping autonomous monitoring
13:27:29,850 Scope INFO Scope status updated to: Idle
13:27:29,851 Scope INFO Scope status updated to: Idle
13:27:46,391 Scope INFO Stopping autonomous monitoring
13:27:46,393 Scope INFO Scope status updated to: Idle
13:30:09,738 Scope INFO Scope initialization
13:30:09,786 Scope INFO Micro-Manager core connection established
13:30:09,788 Scope INFO Scope status updated to: Idle
13:30:09,789 Scope INFO Scope initialization complete
13:30:09,789 Scope INFO CyanScope initialization complete
13:30:09,827 Scope INFO Scope initialization
13:30:09,861 Scope INFO Scope status updated to: Idle
13:30:09,866 Scope INFO Scope initialization complete
13:30:09,870 Scope INFO CyanScope initialization complete
13:30:10,11 Scope INFO Scope initialization
13:30:10,13 Scope INFO Micro-Manager core connection established
13:30:10,15 Scope INFO Scope status updated to: Idle
13:30:10,16 Scope INFO Scope initialization complete
13:30:31,145 Scope INFO Stopping autonomous monitoring
13:30:31,146 Scope INFO Scope status updated to: Idle
13:31:10,535 Scope INFO Scope initialization
13:31:10,581 Scope INFO Micro-Manager core connection established
13:31:10,584 Scope INFO Scope status updated to: Idle
13:31:10,585 Scope INFO Scope initialization complete
13:31:10,585 Scope INFO CyanScope initialization complete
13:31:10,590 Scope INFO Scope initialization
13:31:10,592 Scope INFO Scope status updated to: Idle
13:31:10,592 Scope INFO Scope initialization complete
13:31:10,593 Scope INFO CyanScope initialization complete
13:31:10,723 Scope INFO Scope initialization
13:31:10,725 Scope INFO Micro-Manager core connection established
13:31:10,727 Scope INFO Scope status updated to: Idle
13:31:10,728 Scope INFO Scope initialization complete
13:31:13,854 Scope INFO Stopping autonomous monitoring
13:31:13,857 Scope INFO Scope status updated to: Idle
13:33:06,306 Scope INFO Scope initialization
13:33:06,353 Scope INFO Micro-Manager core connection established
13:33:06,355 Scope INFO Scope status updated to: Idle
13:33:06,356 Scope INFO Scope initialization complete
13:33:06,356 Scope INFO CyanScope initialization complete
13:33:06,363 Scope INFO Scope initialization
13:33:06,366 Scope INFO Scope status updated to: Idle
13:33:06,366 Scope INFO Scope initialization complete
13:33:06,366 Scope INFO CyanScope initialization complete
13:33:06,502 Scope INFO Scope initialization
13:33:06,505 Scope INFO Micro-Manager core connection established
13:33:06,507 Scope INFO Scope status updated to: Idle
13:33:06,508 Scope INFO Scope initialization complete
13:33:11,933 Scope INFO Scope initialization
13:33:11,936 Scope INFO Micro-Manager core connection established
13:33:11,939 Scope INFO Scope status updated to: Idle
13:33:11,939 Scope INFO Scope initialization complete
13:33:11,940 Scope INFO Scope status updated to: Idle
13:33:11,941 Scope INFO Continuous monitoring started
13:33:11,941 Scope INFO Continuous monitoring loop
13:33:11,942 Scope INFO Scope status updated to: Idle
13:33:12,950 Scope INFO Continuous monitoring loop
13:33:12,951 Scope INFO Scope status updated to: Idle
13:33:13,306 Scope INFO Scope status updated to: Stop
13:33:13,963 Scope INFO Continuous monitoring loop
13:33:13,964 Scope INFO Continuous monitoring stopped by user
13:33:13,964 Scope INFO Scope status updated to: offline
13:33:13,965 Scope INFO Continuous monitoring terminated - status set to offline
13:33:19,490 Scope INFO Scope status updated to: Idle
13:33:19,501 Scope INFO Stopping autonomous monitoring
13:33:19,502 Scope INFO Scope status updated to: Idle
13:33:19,503 Scope INFO Scope status updated to: Idle
13:33:31,479 Scope INFO Stopping autonomous monitoring
13:33:31,480 Scope INFO Scope status updated to: Idle
13:47:57,606 Scope INFO Scope initialization
13:47:57,651 Scope INFO Micro-Manager core connection established
13:47:57,654 Scope INFO Scope status updated to: Idle
13:47:57,654 Scope INFO Scope initialization complete
13:47:57,654 Scope INFO CyanScope initialization complete
13:47:57,661 Scope INFO Scope initialization
13:47:57,663 Scope INFO Scope status updated to: Idle
13:47:57,663 Scope INFO Scope initialization complete
13:47:57,663 Scope INFO CyanScope initialization complete
13:47:57,805 Scope INFO Scope initialization
13:47:57,807 Scope INFO Micro-Manager core connection established
13:47:57,809 Scope INFO Scope status updated to: Idle
13:47:57,809 Scope INFO Scope initialization complete
13:49:29,998 Scope INFO Scope initialization
13:49:30,46 Scope INFO Micro-Manager core connection established
13:49:30,48 Scope INFO Scope status updated to: Idle
13:49:30,49 Scope INFO Scope initialization complete
13:49:30,49 Scope INFO CyanScope initialization complete
13:49:30,53 Scope INFO Scope initialization
13:49:30,55 Scope INFO Scope status updated to: Idle
13:49:30,56 Scope INFO Scope initialization complete
13:49:30,56 Scope INFO CyanScope initialization complete
13:49:30,185 Scope INFO Scope initialization
13:49:30,187 Scope INFO Micro-Manager core connection established
13:49:30,190 Scope INFO Scope status updated to: Idle
13:49:30,190 Scope INFO Scope initialization complete
13:52:28,891 Scope INFO Scope initialization
13:52:28,935 Scope INFO Micro-Manager core connection established
13:52:28,938 Scope INFO Scope status updated to: Idle
13:52:28,939 Scope INFO Scope initialization complete
13:52:28,939 Scope INFO CyanScope initialization complete
13:52:28,947 Scope INFO Scope initialization
13:52:28,949 Scope INFO Scope status updated to: Idle
13:52:28,949 Scope INFO Scope initialization complete
13:52:28,950 Scope INFO CyanScope initialization complete
13:52:29,79 Scope INFO Scope initialization
13:52:29,81 Scope INFO Micro-Manager core connection established
13:52:29,83 Scope INFO Scope status updated to: Idle
13:52:29,83 Scope INFO Scope initialization complete
13:53:06,613 Scope INFO Scope initialization
13:53:06,672 Scope INFO Micro-Manager core connection established
13:53:06,674 Scope INFO Scope status updated to: Idle
13:53:06,675 Scope INFO Scope initialization complete
13:53:06,675 Scope INFO CyanScope initialization complete
13:53:06,680 Scope INFO Scope initialization
13:53:06,682 Scope INFO Scope status updated to: Idle
13:53:06,682 Scope INFO Scope initialization complete
13:53:06,682 Scope INFO CyanScope initialization complete
13:53:06,810 Scope INFO Scope initialization
13:53:06,813 Scope INFO Micro-Manager core connection established
13:53:06,815 Scope INFO Scope status updated to: Idle
13:53:06,815 Scope INFO Scope initialization complete
13:54:24,922 Scope INFO Scope initialization
13:54:24,966 Scope INFO Micro-Manager core connection established
13:54:24,969 Scope INFO Scope status updated to: Idle
13:54:24,969 Scope INFO Scope initialization complete
13:54:24,969 Scope INFO CyanScope initialization complete
13:54:24,975 Scope INFO Scope initialization
13:54:24,977 Scope INFO Scope status updated to: Idle
13:54:24,977 Scope INFO Scope initialization complete
13:54:24,978 Scope INFO CyanScope initialization complete
13:54:25,107 Scope INFO Scope initialization
13:54:25,111 Scope INFO Micro-Manager core connection established
13:54:25,113 Scope INFO Scope status updated to: Idle
13:54:25,113 Scope INFO Scope initialization complete
13:54:40,437 Scope INFO Stopping autonomous monitoring
13:54:40,438 Scope INFO Scope status updated to: Idle
14:09:54,144 Scope INFO Scope initialization
14:09:54,194 Scope INFO Micro-Manager core connection established
14:09:54,196 Scope INFO Scope status updated to: Idle
14:09:54,196 Scope INFO Scope initialization complete
14:09:54,197 Scope INFO CyanScope initialization complete
14:09:54,205 Scope INFO Scope initialization
14:09:54,207 Scope INFO Scope status updated to: Idle
14:09:54,208 Scope INFO Scope initialization complete
14:09:54,208 Scope INFO CyanScope initialization complete
14:09:54,335 Scope INFO Scope initialization
14:09:54,338 Scope INFO Micro-Manager core connection established
14:09:54,340 Scope INFO Scope status updated to: Idle
14:09:54,340 Scope INFO Scope initialization complete
14:24:08,766 Scope INFO Stopping autonomous monitoring
14:24:08,767 Scope INFO Scope status updated to: Idle
14:24:20,931 Scope INFO Scope initialization
14:24:20,980 Scope INFO Micro-Manager core connection established
14:24:20,982 Scope INFO Scope status updated to: Idle
14:24:20,982 Scope INFO Scope initialization complete
14:24:20,983 Scope INFO CyanScope initialization complete
14:24:20,988 Scope INFO Scope initialization
14:24:20,990 Scope INFO Scope status updated to: Idle
14:24:20,990 Scope INFO Scope initialization complete
14:24:20,990 Scope INFO CyanScope initialization complete
14:26:35,333 Scope INFO Scope initialization
14:26:35,336 Scope INFO Scope status updated to: Idle
14:26:35,336 Scope INFO Scope initialization complete
14:26:35,337 Scope INFO CyanScope initialization complete
15:04:56,76 Scope INFO Scope initialization
15:04:56,80 Scope INFO Scope status updated to: Idle
15:04:56,81 Scope INFO Scope initialization complete
15:04:56,81 Scope INFO CyanScope initialization complete
15:15:28,355 Scope INFO Scope initialization
15:15:28,358 Scope INFO Scope status updated to: Idle
15:15:28,358 Scope INFO Scope initialization complete
15:15:28,358 Scope INFO CyanScope initialization complete
15:16:26,483 Scope INFO Scope initialization
15:16:26,485 Scope INFO Scope status updated to: Idle
15:16:26,485 Scope INFO Scope initialization complete
15:16:26,485 Scope INFO CyanScope initialization complete
15:17:29,336 Scope INFO Scope initialization
15:17:29,338 Scope INFO Scope status updated to: Idle
15:17:29,339 Scope INFO Scope initialization complete
15:17:29,339 Scope INFO CyanScope initialization complete
15:19:37,772 Scope INFO Scope initialization
15:19:37,775 Scope INFO Scope status updated to: Idle
15:19:37,775 Scope INFO Scope initialization complete
15:19:37,775 Scope INFO CyanScope initialization complete
15:24:07,701 Scope INFO Scope initialization
15:24:07,704 Scope INFO Scope status updated to: Idle
15:24:07,704 Scope INFO Scope initialization complete
15:24:07,704 Scope INFO CyanScope initialization complete
15:26:59,269 Scope INFO Scope initialization
15:26:59,271 Scope INFO Scope status updated to: Idle
15:26:59,271 Scope INFO Scope initialization complete
15:26:59,271 Scope INFO CyanScope initialization complete
15:27:14,52 Scope INFO Scope status updated to: Idle
18:51:49,517 Scope INFO Scope initialization
18:51:49,520 Scope INFO Scope status updated to: Idle
18:51:49,520 Scope INFO Scope initialization complete
18:51:49,520 Scope INFO CyanScope initialization complete
18:52:41,336 Scope INFO Scope status updated to: Idle
18:55:08,877 Scope INFO Scope initialization
18:55:08,879 Scope INFO Scope status updated to: Idle
18:55:08,879 Scope INFO Scope initialization complete
18:55:08,879 Scope INFO CyanScope initialization complete
18:59:54,221 Scope INFO Scope initialization
18:59:54,223 Scope INFO Scope status updated to: Idle
18:59:54,223 Scope INFO Scope initialization complete
18:59:54,223 Scope INFO CyanScope initialization complete
19:02:03,34 Scope INFO Scope initialization
19:02:03,36 Scope INFO Scope status updated to: Idle
19:02:03,36 Scope INFO Scope initialization complete
19:02:03,36 Scope INFO CyanScope initialization complete
19:03:15,663 Scope INFO Scope initialization
19:03:15,666 Scope INFO Scope status updated to: Idle
19:03:15,666 Scope INFO Scope initialization complete
19:03:15,666 Scope INFO CyanScope initialization complete
20:43:48,885 Scope INFO Scope initialization
20:43:49,911 Scope WARNING Micro-Manager is not running: Couldn't create Core. Is Micro-Manager running and is the ZMQ server on 4827 option enabled?
20:43:49,914 Scope INFO Scope status updated to: Idle
20:43:49,914 Scope INFO Scope initialization complete
20:43:49,915 Scope INFO CyanScope initialization complete
20:43:49,916 Scope INFO Continuous monitoring started
20:43:49,917 Scope INFO New Message: Idle
20:44:33,213 Scope INFO Scope initialization
20:44:34,219 Scope WARNING Micro-Manager is not running: Couldn't create Core. Is Micro-Manager running and is the ZMQ server on 4827 option enabled?
20:44:34,223 Scope INFO Scope status updated to: Idle
20:44:34,223 Scope INFO Scope initialization complete
20:44:34,224 Scope INFO CyanScope initialization complete
20:44:34,224 Scope WARNING Core not available - returning default X: 0
20:44:34,224 Scope WARNING Core not available - returning default Y: 0
20:44:34,224 Scope WARNING Core not available - returning default Z: 0
20:44:42,657 Scope INFO Scope status updated to: Stop
20:44:43,515 Scope INFO New Message: Stop
20:44:43,516 Scope INFO Continuous monitoring stopped by user
20:44:43,519 Scope INFO Scope status updated to: offline
20:44:43,520 Scope INFO Continuous monitoring terminated - status set to offline
20:44:47,269 Scope INFO Scope initialization
20:44:48,278 Scope WARNING Micro-Manager is not running: Couldn't create Core. Is Micro-Manager running and is the ZMQ server on 4827 option enabled?
20:44:48,281 Scope INFO Scope status updated to: Idle
20:44:48,281 Scope INFO Scope initialization complete
20:44:48,282 Scope INFO CyanScope initialization complete
20:44:48,282 Scope WARNING Core not available - returning default X: 0
20:44:48,282 Scope WARNING Core not available - returning default Y: 0
20:44:48,282 Scope WARNING Core not available - returning default Z: 0
20:44:59,45 Scope INFO Scope initialization
20:45:00,53 Scope WARNING Micro-Manager is not running: Couldn't create Core. Is Micro-Manager running and is the ZMQ server on 4827 option enabled?
20:45:00,57 Scope INFO Scope status updated to: Idle
20:45:00,58 Scope INFO Scope initialization complete
20:45:00,58 Scope INFO CyanScope initialization complete
20:45:00,58 Scope WARNING Core not available - returning default X: 0
20:45:00,58 Scope WARNING Core not available - returning default Y: 0
20:45:00,58 Scope WARNING Core not available - returning default Z: 0
20:45:22,829 Scope INFO Scope initialization
20:45:23,848 Scope WARNING Micro-Manager is not running: Couldn't create Core. Is Micro-Manager running and is the ZMQ server on 4827 option enabled?
20:45:23,852 Scope INFO Scope status updated to: Idle
20:45:23,852 Scope INFO Scope initialization complete
20:45:23,853 Scope INFO CyanScope initialization complete
20:45:23,853 Scope WARNING Core not available - returning default X: 0
20:45:23,853 Scope WARNING Core not available - returning default Y: 0
20:45:23,853 Scope WARNING Core not available - returning default Z: 0
20:45:44,433 Scope INFO Scope initialization
20:45:45,453 Scope WARNING Micro-Manager is not running: Couldn't create Core. Is Micro-Manager running and is the ZMQ server on 4827 option enabled?
20:45:45,454 Scope INFO Scope status updated to: Idle
20:45:45,455 Scope INFO Scope initialization complete
20:45:45,455 Scope INFO CyanScope initialization complete
20:45:45,455 Scope WARNING Core not available - returning default X: 0
20:45:45,455 Scope WARNING Core not available - returning default Y: 0
20:45:45,455 Scope WARNING Core not available - returning default Z: 0
20:46:09,980 Scope INFO Scope initialization
20:46:10,994 Scope WARNING Micro-Manager is not running: Couldn't create Core. Is Micro-Manager running and is the ZMQ server on 4827 option enabled?
20:46:10,996 Scope INFO Scope status updated to: Idle
20:46:10,997 Scope INFO Scope initialization complete
20:46:10,997 Scope INFO CyanScope initialization complete
20:46:10,997 Scope WARNING Core not available - returning default X: 0
20:46:10,997 Scope WARNING Core not available - returning default Y: 0
20:46:10,997 Scope WARNING Core not available - returning default Z: 0
20:46:30,937 Scope INFO Scope initialization
20:46:31,944 Scope WARNING Micro-Manager is not running: Couldn't create Core. Is Micro-Manager running and is the ZMQ server on 4827 option enabled?
20:46:31,947 Scope INFO Scope status updated to: Idle
20:46:31,947 Scope INFO Scope initialization complete
20:46:31,948 Scope INFO CyanScope initialization complete
20:46:31,948 Scope WARNING Core not available - returning default X: 0
20:46:31,948 Scope WARNING Core not available - returning default Y: 0
20:46:31,948 Scope WARNING Core not available - returning default Z: 0
20:46:56,728 Scope INFO Scope initialization
20:46:57,745 Scope WARNING Micro-Manager is not running: Couldn't create Core. Is Micro-Manager running and is the ZMQ server on 4827 option enabled?
20:46:57,747 Scope INFO Scope status updated to: Idle
20:46:57,747 Scope INFO Scope initialization complete
20:46:57,747 Scope INFO CyanScope initialization complete
20:46:57,748 Scope WARNING Core not available - returning default X: 0
20:46:57,748 Scope WARNING Core not available - returning default Y: 0
20:46:57,748 Scope WARNING Core not available - returning default Z: 0
20:47:06,810 Scope INFO Scope initialization
20:47:07,819 Scope WARNING Micro-Manager is not running: Couldn't create Core. Is Micro-Manager running and is the ZMQ server on 4827 option enabled?
20:47:07,822 Scope INFO Scope status updated to: Idle
20:47:07,823 Scope INFO Scope initialization complete
20:47:07,823 Scope INFO CyanScope initialization complete
20:47:07,823 Scope WARNING Core not available - returning default X: 0
20:47:07,823 Scope WARNING Core not available - returning default Y: 0
20:47:07,823 Scope WARNING Core not available - returning default Z: 0
20:47:30,839 Scope INFO Scope initialization
20:47:30,867 Scope INFO Micro-Manager core connection established
20:47:30,869 Scope INFO Scope status updated to: Idle
20:47:30,869 Scope INFO Scope initialization complete
20:47:30,869 Scope INFO CyanScope initialization complete
20:47:30,912 Scope DEBUG X: 72977.481
20:47:30,943 Scope DEBUG Y: 135703.33000000002
20:47:30,959 Scope DEBUG Z: 11667.126
20:48:00,0 Scope INFO Scope initialization
20:48:00,7 Scope INFO Micro-Manager core connection established
20:48:00,10 Scope INFO Scope status updated to: Idle
20:48:00,10 Scope INFO Scope initialization complete
20:48:00,10 Scope INFO CyanScope initialization complete
20:48:00,44 Scope DEBUG X: 72977.481
20:48:00,76 Scope DEBUG Y: 135703.33000000002
20:48:00,92 Scope DEBUG Z: 11667.126
20:48:00,108 Scope DEBUG Channel: DeepBlue
20:48:00,109 Scope DEBUG Exposure: 4.998
20:48:00,110 Scope DEBUG Binning: 1
20:48:05,317 Scope INFO Scope initialization
20:48:05,319 Scope INFO Scope status updated to: Idle
20:48:05,319 Scope INFO Scope initialization complete
20:48:05,320 Scope INFO CyanScope initialization complete
20:49:32,4 Scope INFO Update Current State
20:49:32,39 Scope DEBUG X: 72977.481
20:49:32,70 Scope DEBUG Y: 135703.33000000002
20:49:32,86 Scope DEBUG Z: 11667.126
20:49:32,87 Scope DEBUG Exposure: 4.998
20:49:32,101 Scope DEBUG Channel: DeepBlue
20:49:32,102 Scope DEBUG Binning: 1
20:49:32,105 Scope DEBUG ImageShape: (3000, 4096)
20:49:32,106 Scope DEBUG PixelSize: 0.343
20:49:32,107 Scope INFO Scope state saved to c:\GitRepos\pyScope\State\Scope_state.json
20:49:52,516 Scope INFO Scope initialization
20:49:52,548 Scope INFO Micro-Manager core connection established
20:49:52,550 Scope INFO Scope status updated to: Idle
20:49:52,550 Scope INFO Scope initialization complete
20:49:52,551 Scope INFO CyanScope initialization complete
20:49:52,551 Scope INFO Continuous monitoring started
20:49:52,553 Scope INFO New Message: Idle
10:35:53,418 Scope INFO Scope status updated to: Stop
10:35:54,371 Scope INFO New Message: Stop
10:35:54,372 Scope INFO Continuous monitoring stopped by user
10:35:54,375 Scope INFO Scope status updated to: offline
10:35:54,376 Scope INFO Continuous monitoring terminated - status set to offline
10:35:54,453 Scope INFO Scope initialization
10:35:54,474 Scope INFO Micro-Manager core connection established
10:35:54,475 Scope INFO Scope status updated to: Idle
10:35:54,476 Scope INFO Scope initialization complete
10:35:54,476 Scope INFO CyanScope initialization complete
10:35:54,477 Scope INFO Continuous monitoring started
10:35:54,477 Scope INFO New Message: Idle
10:35:56,656 Scope INFO Scope status updated to: Stop
10:35:57,521 Scope INFO New Message: Stop
10:35:57,522 Scope INFO Continuous monitoring stopped by user
10:35:57,523 Scope INFO Scope status updated to: offline
10:35:57,524 Scope INFO Continuous monitoring terminated - status set to offline
14:04:57,451 Scope INFO Scope status updated to: Idle
15:31:41,516 Scope INFO Scope initialization
15:31:41,517 Scope INFO Scope initialization complete
15:31:41,517 Scope INFO CyanScope initialization complete
15:31:47,976 Scope INFO Scope status updated to: Idle
15:35:00,681 Scope INFO Scope initialization
15:35:00,682 Scope INFO Scope initialization complete
15:35:00,682 Scope INFO CyanScope initialization complete
15:40:54,195 Scope INFO Scope initialization
15:40:54,196 Scope DEBUG Found channel: Green
15:40:54,196 Scope DEBUG Found channel: Green
15:40:54,196 Scope DEBUG Found channel: Orange
15:40:54,196 Scope DEBUG Found channel: Orange
15:40:54,197 Scope DEBUG Found channel: UltraViolet
15:40:54,197 Scope DEBUG Found channel: UltraViolet
15:40:54,197 Scope DEBUG Found channel: DeepBlue
15:40:54,197 Scope DEBUG Found channel: DeepBlue
15:40:54,198 Scope DEBUG Found channel: FarRed
15:40:54,198 Scope DEBUG Found channel: FarRed
15:40:54,198 Scope DEBUG Found channel: InfraRed
15:40:54,198 Scope DEBUG Found channel: InfraRed
15:40:54,199 Scope INFO Extracted 6 channels from config: ['Green', 'Orange', 'UltraViolet', 'DeepBlue', 'FarRed', 'InfraRed']
15:40:54,199 Scope INFO Updated channel limits: ['Green', 'Orange', 'UltraViolet', 'DeepBlue', 'FarRed', 'InfraRed']
15:40:54,200 Scope INFO Scope initialization complete
15:40:54,200 Scope INFO CyanScope initialization complete
15:40:59,504 Scope DEBUG Found channel: Green
15:40:59,504 Scope DEBUG Found channel: Green
15:40:59,504 Scope DEBUG Found channel: Orange
15:40:59,504 Scope DEBUG Found channel: Orange
15:40:59,505 Scope DEBUG Found channel: UltraViolet
15:40:59,505 Scope DEBUG Found channel: UltraViolet
15:40:59,505 Scope DEBUG Found channel: DeepBlue
15:40:59,505 Scope DEBUG Found channel: DeepBlue
15:40:59,506 Scope DEBUG Found channel: FarRed
15:40:59,506 Scope DEBUG Found channel: FarRed
15:40:59,506 Scope DEBUG Found channel: InfraRed
15:40:59,507 Scope DEBUG Found channel: InfraRed
15:40:59,507 Scope INFO Extracted 6 channels from config: ['Green', 'Orange', 'UltraViolet', 'DeepBlue', 'FarRed', 'InfraRed']
15:42:43,33 Scope DEBUG Found channel: Green
15:42:43,34 Scope DEBUG Found channel: Green
15:42:43,35 Scope DEBUG Found channel: Orange
15:42:43,36 Scope DEBUG Found channel: Orange
15:42:43,38 Scope DEBUG Found channel: UltraViolet
15:42:43,39 Scope DEBUG Found channel: UltraViolet
15:42:43,40 Scope DEBUG Found channel: DeepBlue
15:42:43,41 Scope DEBUG Found channel: DeepBlue
15:42:43,43 Scope DEBUG Found channel: FarRed
15:42:43,44 Scope DEBUG Found channel: FarRed
15:42:43,45 Scope DEBUG Found channel: InfraRed
15:42:43,46 Scope DEBUG Found channel: InfraRed
15:42:43,48 Scope INFO Extracted 6 channels from config: ['Green', 'Orange', 'UltraViolet', 'DeepBlue', 'FarRed', 'InfraRed']
15:43:14,455 Scope INFO Scope status updated to: Idle
15:45:10,72 Scope INFO Scope initialization
15:45:10,73 Scope DEBUG Found channel: Green
15:45:10,73 Scope DEBUG Found channel: Green
15:45:10,74 Scope DEBUG Found channel: Orange
15:45:10,74 Scope DEBUG Found channel: Orange
15:45:10,74 Scope DEBUG Found channel: UltraViolet
15:45:10,74 Scope DEBUG Found channel: UltraViolet
15:45:10,75 Scope DEBUG Found channel: DeepBlue
15:45:10,75 Scope DEBUG Found channel: DeepBlue
15:45:10,75 Scope DEBUG Found channel: FarRed
15:45:10,75 Scope DEBUG Found channel: FarRed
15:45:10,75 Scope DEBUG Found channel: InfraRed
15:45:10,76 Scope DEBUG Found channel: InfraRed
15:45:10,76 Scope INFO Extracted 6 channels from config: ['Green', 'Orange', 'UltraViolet', 'DeepBlue', 'FarRed', 'InfraRed']
15:45:10,76 Scope INFO Updated channel limits: ['Green', 'Orange', 'UltraViolet', 'DeepBlue', 'FarRed', 'InfraRed']
15:45:10,76 Scope INFO Scope initialization complete
15:45:10,77 Scope INFO CyanScope initialization complete
15:48:04,519 Scope DEBUG Found channel: Green
15:48:04,519 Scope DEBUG Found channel: Green
15:48:04,520 Scope DEBUG Found channel: Orange
15:48:04,520 Scope DEBUG Found channel: Orange
15:48:04,520 Scope DEBUG Found channel: UltraViolet
15:48:04,520 Scope DEBUG Found channel: UltraViolet
15:48:04,520 Scope DEBUG Found channel: DeepBlue
15:48:04,521 Scope DEBUG Found channel: DeepBlue
15:48:04,521 Scope DEBUG Found channel: FarRed
15:48:04,521 Scope DEBUG Found channel: FarRed
15:48:04,521 Scope DEBUG Found channel: InfraRed
15:48:04,521 Scope DEBUG Found channel: InfraRed
15:48:04,521 Scope INFO Extracted 6 channels from config: ['Green', 'Orange', 'UltraViolet', 'DeepBlue', 'FarRed', 'InfraRed']
15:48:47,753 Scope DEBUG Found channel: Green
15:48:47,754 Scope DEBUG Found channel: Green
15:48:47,754 Scope DEBUG Found channel: Orange
15:48:47,754 Scope DEBUG Found channel: Orange
15:48:47,755 Scope DEBUG Found channel: UltraViolet
15:48:47,755 Scope DEBUG Found channel: UltraViolet
15:48:47,756 Scope DEBUG Found channel: DeepBlue
15:48:47,756 Scope DEBUG Found channel: DeepBlue
15:48:47,757 Scope DEBUG Found channel: FarRed
15:48:47,757 Scope DEBUG Found channel: FarRed
15:48:47,757 Scope DEBUG Found channel: InfraRed
15:48:47,758 Scope DEBUG Found channel: InfraRed
15:48:47,758 Scope INFO Extracted 6 channels from config: ['Green', 'Orange', 'UltraViolet', 'DeepBlue', 'FarRed', 'InfraRed']
15:51:10,601 Scope INFO Scope initialization
15:51:10,602 Scope DEBUG Found channel: Green
15:51:10,602 Scope DEBUG Found channel: Green
15:51:10,602 Scope DEBUG Found channel: Orange
15:51:10,602 Scope DEBUG Found channel: Orange
15:51:10,603 Scope DEBUG Found channel: UltraViolet
15:51:10,603 Scope DEBUG Found channel: UltraViolet
15:51:10,603 Scope DEBUG Found channel: DeepBlue
15:51:10,604 Scope DEBUG Found channel: DeepBlue
15:51:10,604 Scope DEBUG Found channel: FarRed
15:51:10,604 Scope DEBUG Found channel: FarRed
15:51:10,604 Scope DEBUG Found channel: InfraRed
15:51:10,604 Scope DEBUG Found channel: InfraRed
15:51:10,605 Scope INFO Extracted 6 channels from config: ['Green', 'Orange', 'UltraViolet', 'DeepBlue', 'FarRed', 'InfraRed']
15:51:10,605 Scope INFO Updated channel limits: ['Green', 'Orange', 'UltraViolet', 'DeepBlue', 'FarRed', 'InfraRed']
15:51:10,605 Scope INFO Scope initialization complete
15:51:10,605 Scope INFO CyanScope initialization complete
15:52:12,895 Scope DEBUG Found channel: Green
15:52:12,895 Scope DEBUG Found channel: Green
15:52:12,895 Scope DEBUG Found channel: Orange
15:52:12,896 Scope DEBUG Found channel: Orange
15:52:12,896 Scope DEBUG Found channel: UltraViolet
15:52:12,896 Scope DEBUG Found channel: UltraViolet
15:52:12,897 Scope DEBUG Found channel: DeepBlue
15:52:12,897 Scope DEBUG Found channel: DeepBlue
15:52:12,897 Scope DEBUG Found channel: FarRed
15:52:12,897 Scope DEBUG Found channel: FarRed
15:52:12,898 Scope DEBUG Found channel: InfraRed
15:52:12,898 Scope DEBUG Found channel: InfraRed
15:52:12,898 Scope INFO Extracted 6 channels from config: ['Green', 'Orange', 'UltraViolet', 'DeepBlue', 'FarRed', 'InfraRed']
15:53:23,590 Scope INFO Scope status updated to: Idle
15:54:41,916 Scope INFO Scope initialization
15:54:41,917 Scope DEBUG Found channel: Green
15:54:41,917 Scope DEBUG Found channel: Green
15:54:41,918 Scope DEBUG Found channel: Orange
15:54:41,918 Scope DEBUG Found channel: Orange
15:54:41,918 Scope DEBUG Found channel: UltraViolet
15:54:41,919 Scope DEBUG Found channel: UltraViolet
15:54:41,919 Scope DEBUG Found channel: DeepBlue
15:54:41,919 Scope DEBUG Found channel: DeepBlue
15:54:41,920 Scope DEBUG Found channel: FarRed
15:54:41,920 Scope DEBUG Found channel: FarRed
15:54:41,920 Scope DEBUG Found channel: InfraRed
15:54:41,920 Scope DEBUG Found channel: InfraRed
15:54:41,921 Scope INFO Extracted 6 channels from config: ['Green', 'Orange', 'UltraViolet', 'DeepBlue', 'FarRed', 'InfraRed']
15:54:41,921 Scope INFO Updated channel limits: ['Green', 'Orange', 'UltraViolet', 'DeepBlue', 'FarRed', 'InfraRed']
15:54:41,921 Scope INFO Scope initialization complete
15:54:41,922 Scope INFO CyanScope initialization complete
15:56:18,728 Scope INFO Scope initialization
15:56:18,729 Scope DEBUG Found channel: Green
15:56:18,730 Scope DEBUG Found channel: Green
15:56:18,730 Scope DEBUG Found channel: Orange
15:56:18,730 Scope DEBUG Found channel: Orange
15:56:18,730 Scope DEBUG Found channel: UltraViolet
15:56:18,731 Scope DEBUG Found channel: UltraViolet
15:56:18,731 Scope DEBUG Found channel: DeepBlue
15:56:18,731 Scope DEBUG Found channel: DeepBlue
15:56:18,731 Scope DEBUG Found channel: FarRed
15:56:18,732 Scope DEBUG Found channel: FarRed
15:56:18,732 Scope DEBUG Found channel: InfraRed
15:56:18,732 Scope DEBUG Found channel: InfraRed
15:56:18,732 Scope INFO Extracted 6 channels from config: ['Green', 'Orange', 'UltraViolet', 'DeepBlue', 'FarRed', 'InfraRed']
15:56:18,733 Scope INFO Updated channel limits: ['Green', 'Orange', 'UltraViolet', 'DeepBlue', 'FarRed', 'InfraRed']
15:56:18,733 Scope INFO Scope initialization complete
15:56:18,733 Scope INFO CyanScope initialization complete
15:58:25,440 Scope INFO Scope initialization
15:58:25,441 Scope DEBUG Found channel: Green
15:58:25,441 Scope DEBUG Found channel: Green
15:58:25,442 Scope DEBUG Found channel: Orange
15:58:25,442 Scope DEBUG Found channel: Orange
15:58:25,442 Scope DEBUG Found channel: UltraViolet
15:58:25,442 Scope DEBUG Found channel: UltraViolet
15:58:25,443 Scope DEBUG Found channel: DeepBlue
15:58:25,443 Scope DEBUG Found channel: DeepBlue
15:58:25,443 Scope DEBUG Found channel: FarRed
15:58:25,443 Scope DEBUG Found channel: FarRed
15:58:25,444 Scope DEBUG Found channel: InfraRed
15:58:25,444 Scope DEBUG Found channel: InfraRed
15:58:25,444 Scope INFO Extracted 6 channels from config: ['Green', 'Orange', 'UltraViolet', 'DeepBlue', 'FarRed', 'InfraRed']
15:58:25,444 Scope INFO Updated channel limits: ['Green', 'Orange', 'UltraViolet', 'DeepBlue', 'FarRed', 'InfraRed']
15:58:25,444 Scope INFO Scope initialization complete
15:58:25,445 Scope INFO CyanScope initialization complete
15:58:32,404 Scope DEBUG Found channel: Green
15:58:32,404 Scope DEBUG Found channel: Green
15:58:32,405 Scope DEBUG Found channel: Orange
15:58:32,405 Scope DEBUG Found channel: Orange
15:58:32,405 Scope DEBUG Found channel: UltraViolet
15:58:32,405 Scope DEBUG Found channel: UltraViolet
15:58:32,406 Scope DEBUG Found channel: DeepBlue
15:58:32,406 Scope DEBUG Found channel: DeepBlue
15:58:32,406 Scope DEBUG Found channel: FarRed
15:58:32,406 Scope DEBUG Found channel: FarRed
15:58:32,407 Scope DEBUG Found channel: InfraRed
15:58:32,407 Scope DEBUG Found channel: InfraRed
15:58:32,407 Scope INFO Extracted 6 channels from config: ['Green', 'Orange', 'UltraViolet', 'DeepBlue', 'FarRed', 'InfraRed']
16:00:01,560 Scope INFO Scope initialization
16:00:01,560 Scope DEBUG Found channel: Green
16:00:01,561 Scope DEBUG Found channel: Green
16:00:01,561 Scope DEBUG Found channel: Orange
16:00:01,561 Scope DEBUG Found channel: Orange
16:00:01,562 Scope DEBUG Found channel: UltraViolet
16:00:01,562 Scope DEBUG Found channel: UltraViolet
16:00:01,562 Scope DEBUG Found channel: DeepBlue
16:00:01,563 Scope DEBUG Found channel: DeepBlue
16:00:01,563 Scope DEBUG Found channel: FarRed
16:00:01,563 Scope DEBUG Found channel: FarRed
16:00:01,563 Scope DEBUG Found channel: InfraRed
16:00:01,564 Scope DEBUG Found channel: InfraRed
16:00:01,564 Scope INFO Extracted 6 channels from config: ['Green', 'Orange', 'UltraViolet', 'DeepBlue', 'FarRed', 'InfraRed']
16:00:01,565 Scope INFO Updated channel limits: ['Green', 'Orange', 'UltraViolet', 'DeepBlue', 'FarRed', 'InfraRed']
16:00:01,565 Scope INFO Scope initialization complete
16:00:01,565 Scope INFO CyanScope initialization complete
16:00:26,941 Scope DEBUG Found channel: Green
16:00:26,941 Scope DEBUG Found channel: Green
16:00:26,941 Scope DEBUG Found channel: Orange
16:00:26,941 Scope DEBUG Found channel: Orange
16:00:26,942 Scope DEBUG Found channel: UltraViolet
16:00:26,942 Scope DEBUG Found channel: UltraViolet
16:00:26,942 Scope DEBUG Found channel: DeepBlue
16:00:26,942 Scope DEBUG Found channel: DeepBlue
16:00:26,943 Scope DEBUG Found channel: FarRed
16:00:26,943 Scope DEBUG Found channel: FarRed
16:00:26,943 Scope DEBUG Found channel: InfraRed
16:00:26,943 Scope DEBUG Found channel: InfraRed
16:00:26,943 Scope INFO Extracted 6 channels from config: ['Green', 'Orange', 'UltraViolet', 'DeepBlue', 'FarRed', 'InfraRed']
16:02:22,521 Scope INFO Scope initialization
16:02:22,522 Scope DEBUG Found channel: Green
16:02:22,522 Scope DEBUG Found channel: Green
16:02:22,525 Scope DEBUG Found channel: Orange
16:02:22,525 Scope DEBUG Found channel: Orange
16:02:22,525 Scope DEBUG Found channel: UltraViolet
16:02:22,526 Scope DEBUG Found channel: UltraViolet
16:02:22,526 Scope DEBUG Found channel: DeepBlue
16:02:22,526 Scope DEBUG Found channel: DeepBlue
16:02:22,526 Scope DEBUG Found channel: FarRed
16:02:22,527 Scope DEBUG Found channel: FarRed
16:02:22,528 Scope DEBUG Found channel: InfraRed
16:02:22,529 Scope DEBUG Found channel: InfraRed
16:02:22,529 Scope INFO Extracted 6 channels from config: ['Green', 'Orange', 'UltraViolet', 'DeepBlue', 'FarRed', 'InfraRed']
16:02:22,530 Scope INFO Updated channel limits: ['Green', 'Orange', 'UltraViolet', 'DeepBlue', 'FarRed', 'InfraRed']
16:02:22,530 Scope INFO Scope initialization complete
16:02:22,530 Scope INFO CyanScope initialization complete
16:04:00,328 Scope INFO Scope initialization
16:04:00,328 Scope DEBUG Found channel: Green
16:04:00,329 Scope DEBUG Found channel: Green
16:04:00,329 Scope DEBUG Found channel: Orange
16:04:00,329 Scope DEBUG Found channel: Orange
16:04:00,329 Scope DEBUG Found channel: UltraViolet
16:04:00,330 Scope DEBUG Found channel: UltraViolet
16:04:00,330 Scope DEBUG Found channel: DeepBlue
16:04:00,330 Scope DEBUG Found channel: DeepBlue
16:04:00,330 Scope DEBUG Found channel: FarRed
16:04:00,331 Scope DEBUG Found channel: FarRed
16:04:00,331 Scope DEBUG Found channel: InfraRed
16:04:00,331 Scope DEBUG Found channel: InfraRed
16:04:00,331 Scope INFO Extracted 6 channels from config: ['Green', 'Orange', 'UltraViolet', 'DeepBlue', 'FarRed', 'InfraRed']
16:04:00,332 Scope INFO Updated channel limits: ['Green', 'Orange', 'UltraViolet', 'DeepBlue', 'FarRed', 'InfraRed']
16:04:00,332 Scope INFO Scope initialization complete
16:04:00,332 Scope INFO CyanScope initialization complete
16:06:25,597 Scope INFO Scope initialization
16:06:25,597 Scope DEBUG Found channel: Green
16:06:25,597 Scope DEBUG Found channel: Green
16:06:25,598 Scope DEBUG Found channel: Orange
16:06:25,598 Scope DEBUG Found channel: Orange
16:06:25,598 Scope DEBUG Found channel: UltraViolet
16:06:25,598 Scope DEBUG Found channel: UltraViolet
16:06:25,599 Scope DEBUG Found channel: DeepBlue
16:06:25,599 Scope DEBUG Found channel: DeepBlue
16:06:25,599 Scope DEBUG Found channel: FarRed
16:06:25,599 Scope DEBUG Found channel: FarRed
16:06:25,600 Scope DEBUG Found channel: InfraRed
16:06:25,600 Scope DEBUG Found channel: InfraRed
16:06:25,600 Scope INFO Extracted 6 channels from config: ['Green', 'Orange', 'UltraViolet', 'DeepBlue', 'FarRed', 'InfraRed']
16:06:25,600 Scope INFO Updated channel limits: ['Green', 'Orange', 'UltraViolet', 'DeepBlue', 'FarRed', 'InfraRed']
16:06:25,600 Scope INFO Scope initialization complete
16:06:25,601 Scope INFO CyanScope initialization complete
16:07:33,203 Scope INFO Scope initialization
16:07:33,204 Scope DEBUG Found channel: Green
16:07:33,204 Scope DEBUG Found channel: Green
16:07:33,204 Scope DEBUG Found channel: Orange
16:07:33,204 Scope DEBUG Found channel: Orange
16:07:33,205 Scope DEBUG Found channel: UltraViolet
16:07:33,205 Scope DEBUG Found channel: UltraViolet
16:07:33,205 Scope DEBUG Found channel: DeepBlue
16:07:33,205 Scope DEBUG Found channel: DeepBlue
16:07:33,206 Scope DEBUG Found channel: FarRed
16:07:33,206 Scope DEBUG Found channel: FarRed
16:07:33,206 Scope DEBUG Found channel: InfraRed
16:07:33,207 Scope DEBUG Found channel: InfraRed
16:07:33,207 Scope INFO Extracted 6 channels from config: ['Green', 'Orange', 'UltraViolet', 'DeepBlue', 'FarRed', 'InfraRed']
16:07:33,207 Scope INFO Updated channel limits: ['Green', 'Orange', 'UltraViolet', 'DeepBlue', 'FarRed', 'InfraRed']
16:07:33,207 Scope INFO Scope initialization complete
16:07:33,208 Scope INFO CyanScope initialization complete
16:11:34,805 Scope INFO Scope initialization
16:11:34,805 Scope DEBUG Found channel: Green
16:11:34,806 Scope DEBUG Found channel: Green
16:11:34,806 Scope DEBUG Found channel: Orange
16:11:34,806 Scope DEBUG Found channel: Orange
16:11:34,807 Scope DEBUG Found channel: UltraViolet
16:11:34,807 Scope DEBUG Found channel: UltraViolet
16:11:34,807 Scope DEBUG Found channel: DeepBlue
16:11:34,807 Scope DEBUG Found channel: DeepBlue
16:11:34,808 Scope DEBUG Found channel: FarRed
16:11:34,808 Scope DEBUG Found channel: FarRed
16:11:34,808 Scope DEBUG Found channel: InfraRed
16:11:34,809 Scope DEBUG Found channel: InfraRed
16:11:34,809 Scope INFO Extracted 6 channels from config: ['Green', 'Orange', 'UltraViolet', 'DeepBlue', 'FarRed', 'InfraRed']
16:11:34,809 Scope INFO Updated channel limits: ['Green', 'Orange', 'UltraViolet', 'DeepBlue', 'FarRed', 'InfraRed']
16:11:34,810 Scope INFO Scope initialization complete
16:11:34,810 Scope INFO CyanScope initialization complete
16:12:06,195 Scope DEBUG Found channel: Green
16:12:06,196 Scope DEBUG Found channel: Green
16:12:06,196 Scope DEBUG Found channel: Orange
16:12:06,196 Scope DEBUG Found channel: Orange
16:12:06,196 Scope DEBUG Found channel: UltraViolet
16:12:06,197 Scope DEBUG Found channel: UltraViolet
16:12:06,198 Scope DEBUG Found channel: DeepBlue
16:12:06,198 Scope DEBUG Found channel: DeepBlue
16:12:06,198 Scope DEBUG Found channel: FarRed
16:12:06,198 Scope DEBUG Found channel: FarRed
16:12:06,199 Scope DEBUG Found channel: InfraRed
16:12:06,199 Scope DEBUG Found channel: InfraRed
16:12:06,199 Scope INFO Extracted 6 channels from config: ['Green', 'Orange', 'UltraViolet', 'DeepBlue', 'FarRed', 'InfraRed']
16:16:22,809 Scope INFO Scope initialization
16:16:22,810 Scope DEBUG Found channel: Green
16:16:22,810 Scope DEBUG Found channel: Green
16:16:22,810 Scope DEBUG Found channel: Orange
16:16:22,811 Scope DEBUG Found channel: Orange
16:16:22,811 Scope DEBUG Found channel: UltraViolet
16:16:22,811 Scope DEBUG Found channel: UltraViolet
16:16:22,811 Scope DEBUG Found channel: DeepBlue
16:16:22,812 Scope DEBUG Found channel: DeepBlue
16:16:22,812 Scope DEBUG Found channel: FarRed
16:16:22,812 Scope DEBUG Found channel: FarRed
16:16:22,813 Scope DEBUG Found channel: InfraRed
16:16:22,813 Scope DEBUG Found channel: InfraRed
16:16:22,813 Scope INFO Extracted 6 channels from config: ['Green', 'Orange', 'UltraViolet', 'DeepBlue', 'FarRed', 'InfraRed']
16:16:22,814 Scope INFO Updated channel limits: ['Green', 'Orange', 'UltraViolet', 'DeepBlue', 'FarRed', 'InfraRed']
16:16:22,814 Scope INFO Scope initialization complete
16:16:22,814 Scope INFO CyanScope initialization complete
16:18:25,459 Scope INFO Scope initialization
16:18:25,460 Scope DEBUG Found channel: Green
16:18:25,460 Scope DEBUG Found channel: Green
16:18:25,460 Scope DEBUG Found channel: Orange
16:18:25,461 Scope DEBUG Found channel: Orange
16:18:25,461 Scope DEBUG Found channel: UltraViolet
16:18:25,461 Scope DEBUG Found channel: UltraViolet
16:18:25,462 Scope DEBUG Found channel: DeepBlue
16:18:25,462 Scope DEBUG Found channel: DeepBlue
16:18:25,462 Scope DEBUG Found channel: FarRed
16:18:25,462 Scope DEBUG Found channel: FarRed
16:18:25,463 Scope DEBUG Found channel: InfraRed
16:18:25,463 Scope DEBUG Found channel: InfraRed
16:18:25,463 Scope INFO Extracted 6 channels from config: ['Green', 'Orange', 'UltraViolet', 'DeepBlue', 'FarRed', 'InfraRed']
16:18:25,463 Scope INFO Updated channel limits: ['Green', 'Orange', 'UltraViolet', 'DeepBlue', 'FarRed', 'InfraRed']
16:18:25,463 Scope INFO Scope initialization complete
16:18:25,464 Scope INFO CyanScope initialization complete
16:18:41,89 Scope INFO Scope initialization
16:18:41,89 Scope DEBUG Found channel: Green
16:18:41,90 Scope DEBUG Found channel: Green
16:18:41,90 Scope DEBUG Found channel: Orange
16:18:41,90 Scope DEBUG Found channel: Orange
16:18:41,90 Scope DEBUG Found channel: UltraViolet
16:18:41,91 Scope DEBUG Found channel: UltraViolet
16:18:41,91 Scope DEBUG Found channel: DeepBlue
16:18:41,91 Scope DEBUG Found channel: DeepBlue
16:18:41,92 Scope DEBUG Found channel: FarRed
16:18:41,92 Scope DEBUG Found channel: FarRed
16:18:41,92 Scope DEBUG Found channel: InfraRed
16:18:41,92 Scope DEBUG Found channel: InfraRed
16:18:41,93 Scope INFO Extracted 6 channels from config: ['Green', 'Orange', 'UltraViolet', 'DeepBlue', 'FarRed', 'InfraRed']
16:18:41,93 Scope INFO Updated channel limits: ['Green', 'Orange', 'UltraViolet', 'DeepBlue', 'FarRed', 'InfraRed']
16:18:41,93 Scope INFO Scope initialization complete
16:18:41,94 Scope INFO CyanScope initialization complete
16:19:06,900 Scope INFO Scope initialization
16:19:06,900 Scope DEBUG Found channel: Green
16:19:06,900 Scope DEBUG Found channel: Green
16:19:06,901 Scope DEBUG Found channel: Orange
16:19:06,901 Scope DEBUG Found channel: Orange
16:19:06,901 Scope DEBUG Found channel: UltraViolet
16:19:06,901 Scope DEBUG Found channel: UltraViolet
16:19:06,902 Scope DEBUG Found channel: DeepBlue
16:19:06,902 Scope DEBUG Found channel: DeepBlue
16:19:06,902 Scope DEBUG Found channel: FarRed
16:19:06,902 Scope DEBUG Found channel: FarRed
16:19:06,903 Scope DEBUG Found channel: InfraRed
16:19:06,903 Scope DEBUG Found channel: InfraRed
16:19:06,903 Scope INFO Extracted 6 channels from config: ['Green', 'Orange', 'UltraViolet', 'DeepBlue', 'FarRed', 'InfraRed']
16:19:06,904 Scope INFO Updated channel limits: ['Green', 'Orange', 'UltraViolet', 'DeepBlue', 'FarRed', 'InfraRed']
16:19:06,904 Scope INFO Scope initialization complete
16:19:06,904 Scope INFO CyanScope initialization complete
16:20:23,87 Scope INFO Scope initialization
16:20:23,87 Scope DEBUG Found channel: Green
16:20:23,88 Scope DEBUG Found channel: Green
16:20:23,88 Scope DEBUG Found channel: Orange
16:20:23,88 Scope DEBUG Found channel: Orange
16:20:23,88 Scope DEBUG Found channel: UltraViolet
16:20:23,89 Scope DEBUG Found channel: UltraViolet
16:20:23,89 Scope DEBUG Found channel: DeepBlue
16:20:23,89 Scope DEBUG Found channel: DeepBlue
16:20:23,89 Scope DEBUG Found channel: FarRed
16:20:23,90 Scope DEBUG Found channel: FarRed
16:20:23,90 Scope DEBUG Found channel: InfraRed
16:20:23,90 Scope DEBUG Found channel: InfraRed
16:20:23,90 Scope INFO Extracted 6 channels from config: ['Green', 'Orange', 'UltraViolet', 'DeepBlue', 'FarRed', 'InfraRed']
16:20:23,91 Scope INFO Updated channel limits: ['Green', 'Orange', 'UltraViolet', 'DeepBlue', 'FarRed', 'InfraRed']
16:20:23,91 Scope INFO Scope initialization complete
16:20:23,91 Scope INFO CyanScope initialization complete
16:20:40,435 Scope INFO Scope initialization
16:20:40,436 Scope DEBUG Found channel: Green
16:20:40,436 Scope DEBUG Found channel: Green
16:20:40,436 Scope DEBUG Found channel: Orange
16:20:40,437 Scope DEBUG Found channel: Orange
16:20:40,437 Scope DEBUG Found channel: UltraViolet
16:20:40,437 Scope DEBUG Found channel: UltraViolet
16:20:40,437 Scope DEBUG Found channel: DeepBlue
16:20:40,438 Scope DEBUG Found channel: DeepBlue
16:20:40,438 Scope DEBUG Found channel: FarRed
16:20:40,438 Scope DEBUG Found channel: FarRed
16:20:40,438 Scope DEBUG Found channel: InfraRed
16:20:40,439 Scope DEBUG Found channel: InfraRed
16:20:40,439 Scope INFO Extracted 6 channels from config: ['Green', 'Orange', 'UltraViolet', 'DeepBlue', 'FarRed', 'InfraRed']
16:20:40,439 Scope INFO Updated channel limits: ['Green', 'Orange', 'UltraViolet', 'DeepBlue', 'FarRed', 'InfraRed']
16:20:40,440 Scope INFO Scope initialization complete
16:20:40,440 Scope INFO CyanScope initialization complete
16:23:22,504 Scope INFO Scope initialization
16:23:22,504 Scope DEBUG Found channel: Green
16:23:22,505 Scope DEBUG Found channel: Green
16:23:22,505 Scope DEBUG Found channel: Orange
16:23:22,505 Scope DEBUG Found channel: Orange
16:23:22,505 Scope DEBUG Found channel: UltraViolet
16:23:22,506 Scope DEBUG Found channel: UltraViolet
16:23:22,506 Scope DEBUG Found channel: DeepBlue
16:23:22,507 Scope DEBUG Found channel: DeepBlue
16:23:22,507 Scope DEBUG Found channel: FarRed
16:23:22,507 Scope DEBUG Found channel: FarRed
16:23:22,507 Scope DEBUG Found channel: InfraRed
16:23:22,508 Scope DEBUG Found channel: InfraRed
16:23:22,508 Scope INFO Extracted 6 channels from config: ['Green', 'Orange', 'UltraViolet', 'DeepBlue', 'FarRed', 'InfraRed']
16:23:22,508 Scope INFO Updated channel limits: ['Green', 'Orange', 'UltraViolet', 'DeepBlue', 'FarRed', 'InfraRed']
16:23:22,508 Scope INFO Scope initialization complete
16:23:22,509 Scope INFO CyanScope initialization complete
16:24:36,340 Scope INFO Scope initialization
16:24:36,340 Scope DEBUG Found channel: Green
16:24:36,341 Scope DEBUG Found channel: Green
16:24:36,341 Scope DEBUG Found channel: Orange
16:24:36,341 Scope DEBUG Found channel: Orange
16:24:36,341 Scope DEBUG Found channel: UltraViolet
16:24:36,342 Scope DEBUG Found channel: UltraViolet
16:24:36,342 Scope DEBUG Found channel: DeepBlue
16:24:36,342 Scope DEBUG Found channel: DeepBlue
16:24:36,342 Scope DEBUG Found channel: FarRed
16:24:36,343 Scope DEBUG Found channel: FarRed
16:24:36,343 Scope DEBUG Found channel: InfraRed
16:24:36,343 Scope DEBUG Found channel: InfraRed
16:24:36,344 Scope INFO Extracted 6 channels from config: ['Green', 'Orange', 'UltraViolet', 'DeepBlue', 'FarRed', 'InfraRed']
16:24:36,344 Scope INFO Updated channel limits: ['Green', 'Orange', 'UltraViolet', 'DeepBlue', 'FarRed', 'InfraRed']
16:24:36,344 Scope INFO Scope initialization complete
16:24:36,344 Scope INFO CyanScope initialization complete
16:25:05,886 Scope INFO Scope initialization
16:25:05,886 Scope DEBUG Found channel: Green
16:25:05,886 Scope DEBUG Found channel: Green
16:25:05,887 Scope DEBUG Found channel: Orange
16:25:05,887 Scope DEBUG Found channel: Orange
16:25:05,887 Scope DEBUG Found channel: UltraViolet
16:25:05,887 Scope DEBUG Found channel: UltraViolet
16:25:05,887 Scope DEBUG Found channel: DeepBlue
16:25:05,888 Scope DEBUG Found channel: DeepBlue
16:25:05,888 Scope DEBUG Found channel: FarRed
16:25:05,888 Scope DEBUG Found channel: FarRed
16:25:05,889 Scope DEBUG Found channel: InfraRed
16:25:05,889 Scope DEBUG Found channel: InfraRed
16:25:05,889 Scope INFO Extracted 6 channels from config: ['Green', 'Orange', 'UltraViolet', 'DeepBlue', 'FarRed', 'InfraRed']
16:25:05,890 Scope INFO Updated channel limits: ['Green', 'Orange', 'UltraViolet', 'DeepBlue', 'FarRed', 'InfraRed']
16:25:05,890 Scope INFO Scope initialization complete
16:25:05,890 Scope INFO CyanScope initialization complete
16:28:34,798 Scope INFO Scope initialization
16:28:34,799 Scope DEBUG Found channel: Green
16:28:34,800 Scope DEBUG Found channel: Green
16:28:34,800 Scope DEBUG Found channel: Orange
16:28:34,800 Scope DEBUG Found channel: Orange
16:28:34,801 Scope DEBUG Found channel: UltraViolet
16:28:34,801 Scope DEBUG Found channel: UltraViolet
16:28:34,801 Scope DEBUG Found channel: DeepBlue
16:28:34,801 Scope DEBUG Found channel: DeepBlue
16:28:34,802 Scope DEBUG Found channel: FarRed
16:28:34,802 Scope DEBUG Found channel: FarRed
16:28:34,802 Scope DEBUG Found channel: InfraRed
16:28:34,802 Scope DEBUG Found channel: InfraRed
16:28:34,802 Scope INFO Extracted 6 channels from config: ['Green', 'Orange', 'UltraViolet', 'DeepBlue', 'FarRed', 'InfraRed']
16:28:34,802 Scope INFO Updated channel limits: ['Green', 'Orange', 'UltraViolet', 'DeepBlue', 'FarRed', 'InfraRed']
16:28:34,802 Scope INFO Scope initialization complete
16:28:34,803 Scope INFO CyanScope initialization complete
16:30:09,564 Scope INFO Scope initialization
16:30:09,564 Scope DEBUG Found channel: Green
16:30:09,564 Scope DEBUG Found channel: Green
16:30:09,565 Scope DEBUG Found channel: Orange
16:30:09,565 Scope DEBUG Found channel: Orange
16:30:09,565 Scope DEBUG Found channel: UltraViolet
16:30:09,565 Scope DEBUG Found channel: UltraViolet
16:30:09,566 Scope DEBUG Found channel: DeepBlue
16:30:09,566 Scope DEBUG Found channel: DeepBlue
16:30:09,566 Scope DEBUG Found channel: FarRed
16:30:09,566 Scope DEBUG Found channel: FarRed
16:30:09,567 Scope DEBUG Found channel: InfraRed
16:30:09,567 Scope DEBUG Found channel: InfraRed
16:30:09,567 Scope INFO Extracted 6 channels from config: ['Green', 'Orange', 'UltraViolet', 'DeepBlue', 'FarRed', 'InfraRed']
16:30:09,567 Scope INFO Updated channel limits: ['Green', 'Orange', 'UltraViolet', 'DeepBlue', 'FarRed', 'InfraRed']
16:30:09,568 Scope INFO Scope initialization complete
16:30:09,568 Scope INFO CyanScope initialization complete
16:31:08,194 Scope INFO Scope initialization
16:31:08,195 Scope DEBUG Found channel: Green
16:31:08,195 Scope DEBUG Found channel: Green
16:31:08,196 Scope DEBUG Found channel: Orange
16:31:08,196 Scope DEBUG Found channel: Orange
16:31:08,196 Scope DEBUG Found channel: UltraViolet
16:31:08,197 Scope DEBUG Found channel: UltraViolet
16:31:08,197 Scope DEBUG Found channel: DeepBlue
16:31:08,197 Scope DEBUG Found channel: DeepBlue
16:31:08,198 Scope DEBUG Found channel: FarRed
16:31:08,198 Scope DEBUG Found channel: FarRed
16:31:08,198 Scope DEBUG Found channel: InfraRed
16:31:08,199 Scope DEBUG Found channel: InfraRed
16:31:08,199 Scope INFO Extracted 6 channels from config: ['Green', 'Orange', 'UltraViolet', 'DeepBlue', 'FarRed', 'InfraRed']
16:31:08,199 Scope INFO Updated channel limits: ['Green', 'Orange', 'UltraViolet', 'DeepBlue', 'FarRed', 'InfraRed']
16:31:08,200 Scope INFO Scope initialization complete
16:31:08,200 Scope INFO CyanScope initialization complete
16:32:46,798 Scope INFO Scope initialization
16:32:46,798 Scope DEBUG Found channel: Green
16:32:46,799 Scope DEBUG Found channel: Green
16:32:46,799 Scope DEBUG Found channel: Orange
16:32:46,799 Scope DEBUG Found channel: Orange
16:32:46,800 Scope DEBUG Found channel: UltraViolet
16:32:46,800 Scope DEBUG Found channel: UltraViolet
16:32:46,800 Scope DEBUG Found channel: DeepBlue
16:32:46,800 Scope DEBUG Found channel: DeepBlue
16:32:46,801 Scope DEBUG Found channel: FarRed
16:32:46,802 Scope DEBUG Found channel: FarRed
16:32:46,802 Scope DEBUG Found channel: InfraRed
16:32:46,803 Scope DEBUG Found channel: InfraRed
16:32:46,803 Scope INFO Extracted 6 channels from config: ['Green', 'Orange', 'UltraViolet', 'DeepBlue', 'FarRed', 'InfraRed']
16:32:46,803 Scope INFO Updated channel limits: ['Green', 'Orange', 'UltraViolet', 'DeepBlue', 'FarRed', 'InfraRed']
16:32:46,804 Scope INFO Scope initialization complete
16:32:46,805 Scope INFO CyanScope initialization complete
16:34:24,256 Scope INFO Scope initialization
16:34:24,257 Scope DEBUG Found channel: Green
16:34:24,257 Scope DEBUG Found channel: Green
16:34:24,257 Scope DEBUG Found channel: Orange
16:34:24,258 Scope DEBUG Found channel: Orange
16:34:24,258 Scope DEBUG Found channel: UltraViolet
16:34:24,258 Scope DEBUG Found channel: UltraViolet
16:34:24,259 Scope DEBUG Found channel: DeepBlue
16:34:24,259 Scope DEBUG Found channel: DeepBlue
16:34:24,259 Scope DEBUG Found channel: FarRed
16:34:24,259 Scope DEBUG Found channel: FarRed
16:34:24,260 Scope DEBUG Found channel: InfraRed
16:34:24,260 Scope DEBUG Found channel: InfraRed
16:34:24,260 Scope INFO Extracted 6 channels from config: ['Green', 'Orange', 'UltraViolet', 'DeepBlue', 'FarRed', 'InfraRed']
16:34:24,260 Scope INFO Updated channel limits: ['Green', 'Orange', 'UltraViolet', 'DeepBlue', 'FarRed', 'InfraRed']
16:34:24,261 Scope INFO Scope initialization complete
16:34:24,261 Scope INFO CyanScope initialization complete
16:36:34,921 Scope INFO Scope initialization
16:36:34,921 Scope DEBUG Found channel: Green
16:36:34,921 Scope DEBUG Found channel: Green
16:36:34,922 Scope DEBUG Found channel: Orange
16:36:34,922 Scope DEBUG Found channel: Orange
16:36:34,922 Scope DEBUG Found channel: UltraViolet
16:36:34,922 Scope DEBUG Found channel: UltraViolet
16:36:34,923 Scope DEBUG Found channel: DeepBlue
16:36:34,923 Scope DEBUG Found channel: DeepBlue
16:36:34,923 Scope DEBUG Found channel: FarRed
16:36:34,923 Scope DEBUG Found channel: FarRed
16:36:34,924 Scope DEBUG Found channel: InfraRed
16:36:34,924 Scope DEBUG Found channel: InfraRed
16:36:34,925 Scope INFO Extracted 6 channels from config: ['Green', 'Orange', 'UltraViolet', 'DeepBlue', 'FarRed', 'InfraRed']
16:36:34,925 Scope INFO Updated channel limits: ['Green', 'Orange', 'UltraViolet', 'DeepBlue', 'FarRed', 'InfraRed']
16:36:34,925 Scope INFO Scope initialization complete
16:36:34,926 Scope INFO CyanScope initialization complete
16:38:16,268 Scope INFO Scope initialization
16:38:16,269 Scope DEBUG Found channel: Green
16:38:16,269 Scope DEBUG Found channel: Green
16:38:16,270 Scope DEBUG Found channel: Orange
16:38:16,270 Scope DEBUG Found channel: Orange
16:38:16,271 Scope DEBUG Found channel: UltraViolet
16:38:16,271 Scope DEBUG Found channel: UltraViolet
16:38:16,272 Scope DEBUG Found channel: DeepBlue
16:38:16,272 Scope DEBUG Found channel: DeepBlue
16:38:16,272 Scope DEBUG Found channel: FarRed
16:38:16,273 Scope DEBUG Found channel: FarRed
16:38:16,273 Scope DEBUG Found channel: InfraRed
16:38:16,273 Scope DEBUG Found channel: InfraRed
16:38:16,274 Scope INFO Extracted 6 channels from config: ['Green', 'Orange', 'UltraViolet', 'DeepBlue', 'FarRed', 'InfraRed']
16:38:16,274 Scope INFO Updated channel limits: ['Green', 'Orange', 'UltraViolet', 'DeepBlue', 'FarRed', 'InfraRed']
16:38:16,274 Scope INFO Scope initialization complete
16:38:16,274 Scope INFO CyanScope initialization complete
16:38:51,751 Scope INFO Scope initialization
16:38:51,752 Scope DEBUG Found channel: Green
16:38:51,752 Scope DEBUG Found channel: Green
16:38:51,752 Scope DEBUG Found channel: Orange
16:38:51,753 Scope DEBUG Found channel: Orange
16:38:51,753 Scope DEBUG Found channel: UltraViolet
16:38:51,753 Scope DEBUG Found channel: UltraViolet
16:38:51,754 Scope DEBUG Found channel: DeepBlue
16:38:51,754 Scope DEBUG Found channel: DeepBlue
16:38:51,754 Scope DEBUG Found channel: FarRed
16:38:51,755 Scope DEBUG Found channel: FarRed
16:38:51,755 Scope DEBUG Found channel: InfraRed
16:38:51,756 Scope DEBUG Found channel: InfraRed
16:38:51,757 Scope INFO Extracted 6 channels from config: ['Green', 'Orange', 'UltraViolet', 'DeepBlue', 'FarRed', 'InfraRed']
16:38:51,757 Scope INFO Updated channel limits: ['Green', 'Orange', 'UltraViolet', 'DeepBlue', 'FarRed', 'InfraRed']
16:38:51,757 Scope INFO Scope initialization complete
16:38:51,758 Scope INFO CyanScope initialization complete
16:40:38,441 Scope INFO Scope initialization
16:40:38,442 Scope DEBUG Found channel: Green
16:40:38,442 Scope DEBUG Found channel: Green
16:40:38,442 Scope DEBUG Found channel: Orange
16:40:38,442 Scope DEBUG Found channel: Orange
16:40:38,442 Scope DEBUG Found channel: UltraViolet
16:40:38,443 Scope DEBUG Found channel: UltraViolet
16:40:38,443 Scope DEBUG Found channel: DeepBlue
16:40:38,443 Scope DEBUG Found channel: DeepBlue
16:40:38,444 Scope DEBUG Found channel: FarRed
16:40:38,444 Scope DEBUG Found channel: FarRed
16:40:38,444 Scope DEBUG Found channel: InfraRed
16:40:38,445 Scope DEBUG Found channel: InfraRed
16:40:38,445 Scope INFO Extracted 6 channels from config: ['Green', 'Orange', 'UltraViolet', 'DeepBlue', 'FarRed', 'InfraRed']
16:40:38,445 Scope INFO Updated channel limits: ['Green', 'Orange', 'UltraViolet', 'DeepBlue', 'FarRed', 'InfraRed']
16:40:38,445 Scope INFO Scope initialization complete
16:40:38,446 Scope INFO CyanScope initialization complete
16:41:13,163 Scope INFO Scope initialization
16:41:13,163 Scope DEBUG Found channel: Green
16:41:13,163 Scope DEBUG Found channel: Green
16:41:13,163 Scope DEBUG Found channel: Orange
16:41:13,164 Scope DEBUG Found channel: Orange
16:41:13,164 Scope DEBUG Found channel: UltraViolet
16:41:13,164 Scope DEBUG Found channel: UltraViolet
16:41:13,164 Scope DEBUG Found channel: DeepBlue
16:41:13,165 Scope DEBUG Found channel: DeepBlue
16:41:13,165 Scope DEBUG Found channel: FarRed
16:41:13,165 Scope DEBUG Found channel: FarRed
16:41:13,165 Scope DEBUG Found channel: InfraRed
16:41:13,166 Scope DEBUG Found channel: InfraRed
16:41:13,166 Scope INFO Extracted 6 channels from config: ['Green', 'Orange', 'UltraViolet', 'DeepBlue', 'FarRed', 'InfraRed']
16:41:13,166 Scope INFO Updated channel limits: ['Green', 'Orange', 'UltraViolet', 'DeepBlue', 'FarRed', 'InfraRed']
16:41:13,166 Scope INFO Scope initialization complete
16:41:13,166 Scope INFO CyanScope initialization complete
